Archive member included to satisfy reference by file (symbol)

A:/STM IDE/STM32CubeIDE_1.14.0/STM32CubeIDE/plugins/com.st.stm32cube.ide.mcu.externaltools.gnu-tools-for-stm32.12.3.rel1.win32_1.0.200.202406191623/tools/bin/../lib/gcc/arm-none-eabi/12.3.1/../../../../arm-none-eabi/lib/thumb/v7e-m+fp/hard\libc_nano.a(libc_a-exit.o)
                              A:/STM IDE/STM32CubeIDE_1.14.0/STM32CubeIDE/plugins/com.st.stm32cube.ide.mcu.externaltools.gnu-tools-for-stm32.12.3.rel1.win32_1.0.200.202406191623/tools/bin/../lib/gcc/arm-none-eabi/12.3.1/../../../../arm-none-eabi/lib/thumb/v7e-m+fp/hard/crt0.o (exit)
A:/STM IDE/STM32CubeIDE_1.14.0/STM32CubeIDE/plugins/com.st.stm32cube.ide.mcu.externaltools.gnu-tools-for-stm32.12.3.rel1.win32_1.0.200.202406191623/tools/bin/../lib/gcc/arm-none-eabi/12.3.1/../../../../arm-none-eabi/lib/thumb/v7e-m+fp/hard\libc_nano.a(libc_a-findfp.o)
                              A:/STM IDE/STM32CubeIDE_1.14.0/STM32CubeIDE/plugins/com.st.stm32cube.ide.mcu.externaltools.gnu-tools-for-stm32.12.3.rel1.win32_1.0.200.202406191623/tools/bin/../lib/gcc/arm-none-eabi/12.3.1/../../../../arm-none-eabi/lib/thumb/v7e-m+fp/hard\libc_nano.a(libc_a-exit.o) (__stdio_exit_handler)
A:/STM IDE/STM32CubeIDE_1.14.0/STM32CubeIDE/plugins/com.st.stm32cube.ide.mcu.externaltools.gnu-tools-for-stm32.12.3.rel1.win32_1.0.200.202406191623/tools/bin/../lib/gcc/arm-none-eabi/12.3.1/../../../../arm-none-eabi/lib/thumb/v7e-m+fp/hard\libc_nano.a(libc_a-fwalk.o)
                              A:/STM IDE/STM32CubeIDE_1.14.0/STM32CubeIDE/plugins/com.st.stm32cube.ide.mcu.externaltools.gnu-tools-for-stm32.12.3.rel1.win32_1.0.200.202406191623/tools/bin/../lib/gcc/arm-none-eabi/12.3.1/../../../../arm-none-eabi/lib/thumb/v7e-m+fp/hard\libc_nano.a(libc_a-findfp.o) (_fwalk_sglue)
A:/STM IDE/STM32CubeIDE_1.14.0/STM32CubeIDE/plugins/com.st.stm32cube.ide.mcu.externaltools.gnu-tools-for-stm32.12.3.rel1.win32_1.0.200.202406191623/tools/bin/../lib/gcc/arm-none-eabi/12.3.1/../../../../arm-none-eabi/lib/thumb/v7e-m+fp/hard\libc_nano.a(libc_a-stdio.o)
                              A:/STM IDE/STM32CubeIDE_1.14.0/STM32CubeIDE/plugins/com.st.stm32cube.ide.mcu.externaltools.gnu-tools-for-stm32.12.3.rel1.win32_1.0.200.202406191623/tools/bin/../lib/gcc/arm-none-eabi/12.3.1/../../../../arm-none-eabi/lib/thumb/v7e-m+fp/hard\libc_nano.a(libc_a-findfp.o) (__sread)
A:/STM IDE/STM32CubeIDE_1.14.0/STM32CubeIDE/plugins/com.st.stm32cube.ide.mcu.externaltools.gnu-tools-for-stm32.12.3.rel1.win32_1.0.200.202406191623/tools/bin/../lib/gcc/arm-none-eabi/12.3.1/../../../../arm-none-eabi/lib/thumb/v7e-m+fp/hard\libc_nano.a(libc_a-memset.o)
                              A:/STM IDE/STM32CubeIDE_1.14.0/STM32CubeIDE/plugins/com.st.stm32cube.ide.mcu.externaltools.gnu-tools-for-stm32.12.3.rel1.win32_1.0.200.202406191623/tools/bin/../lib/gcc/arm-none-eabi/12.3.1/../../../../arm-none-eabi/lib/thumb/v7e-m+fp/hard/crt0.o (memset)
A:/STM IDE/STM32CubeIDE_1.14.0/STM32CubeIDE/plugins/com.st.stm32cube.ide.mcu.externaltools.gnu-tools-for-stm32.12.3.rel1.win32_1.0.200.202406191623/tools/bin/../lib/gcc/arm-none-eabi/12.3.1/../../../../arm-none-eabi/lib/thumb/v7e-m+fp/hard\libc_nano.a(libc_a-closer.o)
                              A:/STM IDE/STM32CubeIDE_1.14.0/STM32CubeIDE/plugins/com.st.stm32cube.ide.mcu.externaltools.gnu-tools-for-stm32.12.3.rel1.win32_1.0.200.202406191623/tools/bin/../lib/gcc/arm-none-eabi/12.3.1/../../../../arm-none-eabi/lib/thumb/v7e-m+fp/hard\libc_nano.a(libc_a-stdio.o) (_close_r)
A:/STM IDE/STM32CubeIDE_1.14.0/STM32CubeIDE/plugins/com.st.stm32cube.ide.mcu.externaltools.gnu-tools-for-stm32.12.3.rel1.win32_1.0.200.202406191623/tools/bin/../lib/gcc/arm-none-eabi/12.3.1/../../../../arm-none-eabi/lib/thumb/v7e-m+fp/hard\libc_nano.a(libc_a-reent.o)
                              A:/STM IDE/STM32CubeIDE_1.14.0/STM32CubeIDE/plugins/com.st.stm32cube.ide.mcu.externaltools.gnu-tools-for-stm32.12.3.rel1.win32_1.0.200.202406191623/tools/bin/../lib/gcc/arm-none-eabi/12.3.1/../../../../arm-none-eabi/lib/thumb/v7e-m+fp/hard\libc_nano.a(libc_a-closer.o) (errno)
A:/STM IDE/STM32CubeIDE_1.14.0/STM32CubeIDE/plugins/com.st.stm32cube.ide.mcu.externaltools.gnu-tools-for-stm32.12.3.rel1.win32_1.0.200.202406191623/tools/bin/../lib/gcc/arm-none-eabi/12.3.1/../../../../arm-none-eabi/lib/thumb/v7e-m+fp/hard\libc_nano.a(libc_a-impure.o)
                              A:/STM IDE/STM32CubeIDE_1.14.0/STM32CubeIDE/plugins/com.st.stm32cube.ide.mcu.externaltools.gnu-tools-for-stm32.12.3.rel1.win32_1.0.200.202406191623/tools/bin/../lib/gcc/arm-none-eabi/12.3.1/../../../../arm-none-eabi/lib/thumb/v7e-m+fp/hard\libc_nano.a(libc_a-reent.o) (_impure_ptr)
A:/STM IDE/STM32CubeIDE_1.14.0/STM32CubeIDE/plugins/com.st.stm32cube.ide.mcu.externaltools.gnu-tools-for-stm32.12.3.rel1.win32_1.0.200.202406191623/tools/bin/../lib/gcc/arm-none-eabi/12.3.1/../../../../arm-none-eabi/lib/thumb/v7e-m+fp/hard\libc_nano.a(libc_a-lseekr.o)
[...]
Memory Configuration

Name             Origin             Length             Attributes
RAM              0x20000000         0x00050000         xrw
FLASH            0x08000000         0x00100000         xr
*default*        0x00000000         0xffffffff

Linker script and memory map

LOAD A:/STM IDE/STM32CubeIDE_1.14.0/STM32CubeIDE/plugins/com.st.stm32cube.ide.mcu.externaltools.gnu-tools-for-stm32.12.3.rel1.win32_1.0.200.202406191623/tools/bin/../lib/gcc/arm-none-eabi/12.3.1/thumb/v7e-m+fp/hard/crti.o
LOAD A:/STM IDE/STM32CubeIDE_1.14.0/STM32CubeIDE/plugins/com.st.stm32cube.ide.mcu.externaltools.gnu-tools-for-stm32.12.3.rel1.win32_1.0.200.202406191623/tools/bin/../lib/gcc/arm-none-eabi/12.3.1/thumb/v7e-m+fp/hard/crtbegin.o
LOAD A:/STM IDE/STM32CubeIDE_1.14.0/STM32CubeIDE/plugins/com.st.stm32cube.ide.mcu.externaltools.gnu-tools-for-stm32.12.3.rel1.win32_1.0.200.202406191623/tools/bin/../lib/gcc/arm-none-eabi/12.3.1/../../../../arm-none-eabi/lib/thumb/v7e-m+fp/hard/crt0.o
LOAD ./Core/Src/AS5600.o
LOAD ./Core/Src/Butterworth_II_tustin.o
LOAD ./Core/Src/Butterworth_I_eulerF.o
LOAD ./Core/Src/Butterworth_I_tustin.o
LOAD ./Core/Src/gpio.o
LOAD ./Core/Src/i2c.o
LOAD ./Core/Src/main.o
LOAD ./Core/Src/stm32f7xx_hal_msp.o
LOAD ./Core/Src/stm32f7xx_it.o
LOAD ./Core/Src/syscalls.o
LOAD ./Core/Src/sysmem.o
LOAD ./Core/Src/system_stm32f7xx.o
LOAD ./Core/Src/tim.o
LOAD ./Core/Src/usart.o
LOAD ./Core/Startup/startup_stm32f746zgtx.o
LOAD ./Drivers/STM32F7xx_HAL_Driver/Src/stm32f7xx_hal.o
LOAD ./Drivers/STM32F7xx_HAL_Driver/Src/stm32f7xx_hal_cortex.o
LOAD ./Drivers/STM32F7xx_HAL_Driver/Src/stm32f7xx_hal_dma.o
LOAD ./Drivers/STM32F7xx_HAL_Driver/Src/stm32f7xx_hal_dma_ex.o
LOAD ./Drivers/STM32F7xx_HAL_Driver/Src/stm32f7xx_hal_exti.o
LOAD ./Drivers/STM32F7xx_HAL_Driver/Src/stm32f7xx_hal_flash.o
LOAD ./Drivers/STM32F7xx_HAL_Driver/Src/stm32f7xx_hal_flash_ex.o
LOAD ./Drivers/STM32F7xx_HAL_Driver/Src/stm32f7xx_hal_gpio.o
LOAD ./Drivers/STM32F7xx_HAL_Driver/Src/stm32f7xx_hal_i2c.o
LOAD ./Drivers/STM32F7xx_HAL_Driver/Src/stm32f7xx_hal_i2c_ex.o
LOAD ./Drivers/STM32F7xx_HAL_Driver/Src/stm32f7xx_hal_pwr.o
LOAD ./Drivers/STM32F7xx_HAL_Driver/Src/stm32f7xx_hal_pwr_ex.o
LOAD ./Drivers/STM32F7xx_HAL_Driver/Src/stm32f7xx_hal_rcc.o
LOAD ./Drivers/STM32F7xx_HAL_Driver/Src/stm32f7xx_hal_rcc_ex.o
LOAD ./Drivers/STM32F7xx_HAL_Driver/Src/stm32f7xx_hal_tim.o
LOAD ./Drivers/STM32F7xx_HAL_Driver/Src/stm32f7xx_hal_tim_ex.o
LOAD ./Drivers/STM32F7xx_HAL_Driver/Src/stm32f7xx_hal_uart.o
LOAD ./Drivers/STM32F7xx_HAL_Driver/Src/stm32f7xx_hal_uart_ex.o
START GROUP
LOAD A:/STM IDE/STM32CubeIDE_1.14.0/STM32CubeIDE/plugins/com.st.stm32cube.ide.mcu.externaltools.gnu-tools-for-stm32.12.3.rel1.win32_1.0.200.202406191623/tools/bin/../lib/gcc/arm-none-eabi/12.3.1/../../../../arm-none-eabi/lib/thumb/v7e-m+fp/hard\libc_nano.a
LOAD A:/STM IDE/STM32CubeIDE_1.14.0/STM32CubeIDE/plugins/com.st.stm32cube.ide.mcu.externaltools.gnu-tools-for-stm32.12.3.rel1.win32_1.0.200.202406191623/tools/bin/../lib/gcc/arm-none-eabi/12.3.1/../../../../arm-none-eabi/lib/thumb/v7e-m+fp/hard\libm.a
END GROUP
START GROUP
LOAD A:/STM IDE/STM32CubeIDE_1.14.0/STM32CubeIDE/plugins/com.st.stm32cube.ide.mcu.externaltools.gnu-tools-for-stm32.12.3.rel1.win32_1.0.200.202406191623/tools/bin/../lib/gcc/arm-none-eabi/12.3.1/thumb/v7e-m+fp/hard\libgcc.a
LOAD A:/STM IDE/STM32CubeIDE_1.14.0/STM32CubeIDE/plugins/com.st.stm32cube.ide.mcu.externaltools.gnu-tools-for-stm32.12.3.rel1.win32_1.0.200.202406191623/tools/bin/../lib/gcc/arm-none-eabi/12.3.1/../../../../arm-none-eabi/lib/thumb/v7e-m+fp/hard\libc_nano.a
END GROUP
START GROUP
LOAD A:/STM IDE/STM32CubeIDE_1.14.0/STM32CubeIDE/plugins/com.st.stm32cube.ide.mcu.externaltools.gnu-tools-for-stm32.12.3.rel1.win32_1.0.200.202406191623/tools/bin/../lib/gcc/arm-none-eabi/12.3.1/thumb/v7e-m+fp/hard\libgcc.a
LOAD A:/STM IDE/STM32CubeIDE_1.14.0/STM32CubeIDE/plugins/com.st.stm32cube.ide.mcu.externaltools.gnu-tools-for-stm32.12.3.rel1.win32_1.0.200.202406191623/tools/bin/../lib/gcc/arm-none-eabi/12.3.1/../../../../arm-none-eabi/lib/thumb/v7e-m+fp/hard\libc_nano.a
LOAD A:/STM IDE/STM32CubeIDE_1.14.0/STM32CubeIDE/plugins/com.st.stm32cube.ide.mcu.externaltools.gnu-tools-for-stm32.12.3.rel1.win32_1.0.200.202406191623/tools/bin/../lib/gcc/arm-none-eabi/12.3.1/../../../../arm-none-eabi/lib/thumb/v7e-m+fp/hard\libnosys.a
END GROUP
START GROUP
LOAD A:/STM IDE/STM32CubeIDE_1.14.0/STM32CubeIDE/plugins/com.st.stm32cube.ide.mcu.externaltools.gnu-tools-for-stm32.12.3.rel1.win32_1.0.200.202406191623/tools/bin/../lib/gcc/arm-none-eabi/12.3.1/thumb/v7e-m+fp/hard\libgcc.a
LOAD A:/STM IDE/STM32CubeIDE_1.14.0/STM32CubeIDE/plugins/com.st.stm32cube.ide.mcu.externaltools.gnu-tools-for-stm32.12.3.rel1.win32_1.0.200.202406191623/tools/bin/../lib/gcc/arm-none-eabi/12.3.1/../../../../arm-none-eabi/lib/thumb/v7e-m+fp/hard\libc_nano.a
LOAD A:/STM IDE/STM32CubeIDE_1.14.0/STM32CubeIDE/plugins/com.st.stm32cube.ide.mcu.externaltools.gnu-tools-for-stm32.12.3.rel1.win32_1.0.200.202406191623/tools/bin/../lib/gcc/arm-none-eabi/12.3.1/../../../../arm-none-eabi/lib/thumb/v7e-m+fp/hard\libnosys.a
END GROUP
LOAD A:/STM IDE/STM32CubeIDE_1.14.0/STM32CubeIDE/plugins/com.st.stm32cube.ide.mcu.externaltools.gnu-tools-for-stm32.12.3.rel1.win32_1.0.200.202406191623/tools/bin/../lib/gcc/arm-none-eabi/12.3.1/thumb/v7e-m+fp/hard/crtend.o
LOAD A:/STM IDE/STM32CubeIDE_1.14.0/STM32CubeIDE/plugins/com.st.stm32cube.ide.mcu.externaltools.gnu-tools-for-stm32.12.3.rel1.win32_1.0.200.202406191623/tools/bin/../lib/gcc/arm-none-eabi/12.3.1/thumb/v7e-m+fp/hard/crtn.o
                0x20050000                        _estack = (ORIGIN (RAM) + LENGTH (RAM))
                0x00000200                        _Min_Heap_Size = 0x200
                0x00000400                        _Min_Stack_Size = 0x400

.isr_vector     0x08000000      0x1c8
                0x08000000                        . = ALIGN (0x4)
 *(.isr_vector)
 .isr_vector    0x08000000      0x1c8 ./Core/Startup/startup_stm32f746zgtx.o
                0x08000000                g_pfnVectors
                0x080001c8                        . = ALIGN (0x4)

.text           0x080001c8     0x6f84
                0x080001c8                        . = ALIGN (0x4)
 *(.text)
 .text          0x080001c8       0x40 A:/STM IDE/STM32CubeIDE_1.14.0/STM32CubeIDE/plugins/com.st.stm32cube.ide.mcu.externaltools.gnu-tools-for-stm32.12.3.rel1.win32_1.0.200.202406191623/tools/bin/../lib/gcc/arm-none-eabi/12.3.1/thumb/v7e-m+fp/hard/crtbegin.o
 .text          0x08000208      0x378 A:/STM IDE/STM32CubeIDE_1.14.0/STM32CubeIDE/plugins/com.st.stm32cube.ide.mcu.externaltools.gnu-tools-for-stm32.12.3.rel1.win32_1.0.200.202406191623/tools/bin/../lib/gcc/arm-none-eabi/12.3.1/thumb/v7e-m+fp/hard\libgcc.a(_arm_addsubdf3.o)
                0x08000208                __aeabi_drsub
                0x08000210                __aeabi_dsub
                0x08000210                __subdf3
                0x08000214                __aeabi_dadd
                0x08000214                __adddf3
                0x0800048c                __floatunsidf
                0x0800048c                __aeabi_ui2d
                0x080004ac                __floatsidf
                0x080004ac                __aeabi_i2d
                0x080004d0                __aeabi_f2d
                0x080004d0                __extendsfdf2
                0x08000514                __floatundidf
                0x08000514                __aeabi_ul2d
                0x08000524                __floatdidf
                0x08000524                __aeabi_l2d
 .text          0x08000580      0x424 A:/STM IDE/STM32CubeIDE_1.14.0/STM32CubeIDE/plugins/com.st.stm32cube.ide.mcu.externaltools.gnu-tools-for-stm32.12.3.rel1.win32_1.0.200.202406191623/tools/bin/../lib/gcc/arm-none-eabi/12.3.1/thumb/v7e-m+fp/hard\libgcc.a(_arm_muldivdf3.o)
                0x08000580                __aeabi_dmul
                0x08000580                __muldf3
                0x080007d4                __divdf3
                0x080007d4                __aeabi_ddiv
 .text          0x080009a4       0xa0 A:/STM IDE/STM32CubeIDE_1.14.0/STM32CubeIDE/plugins/com.st.stm32cube.ide.mcu.externaltools.gnu-tools-for-stm32.12.3.rel1.win32_1.0.200.202406191623/tools/bin/../lib/gcc/arm-none-eabi/12.3.1/thumb/v7e-m+fp/hard\libgcc.a(_arm_truncdfsf2.o)
                0x080009a4                __truncdfsf2
                0x080009a4                __aeabi_d2f
 .text          0x08000a44       0x30 A:/STM IDE/STM32CubeIDE_1.14.0/STM32CubeIDE/plugins/com.st.stm32cube.ide.mcu.externaltools.gnu-tools-for-stm32.12.3.rel1.win32_1.0.200.202406191623/tools/bin/../lib/gcc/arm-none-eabi/12.3.1/thumb/v7e-m+fp/hard\libgcc.a(_aeabi_uldivmod.o)
                0x08000a44                __aeabi_uldivmod
 .text          0x08000a74      0x2bc A:/STM IDE/STM32CubeIDE_1.14.0/STM32CubeIDE/plugins/com.st.stm32cube.ide.mcu.externaltools.gnu-tools-for-stm32.12.3.rel1.win32_1.0.200.202406191623/tools/bin/../lib/gcc/arm-none-eabi/12.3.1/thumb/v7e-m+fp/hard\libgcc.a(_udivmoddi4.o)
                0x08000a74                __udivmoddi4
 .text          0x08000d30        0x4 A:/STM IDE/STM32CubeIDE_1.14.0/STM32CubeIDE/plugins/com.st.stm32cube.ide.mcu.externaltools.gnu-tools-for-stm32.12.3.rel1.win32_1.0.200.202406191623/tools/bin/../lib/gcc/arm-none-eabi/12.3.1/thumb/v7e-m+fp/hard\libgcc.a(_dvmd_tls.o)
                0x08000d30                __aeabi_idiv0
                0x08000d30                __aeabi_ldiv0
 *(.text*)
 .text.AS5600_Init
                0x08000d34       0xbe ./Core/Src/AS5600.o
                0x08000d34                AS5600_Init
 .text.AS5600_ReadAngle
                0x08000df2       0x5a ./Core/Src/AS5600.o
                0x08000df2                AS5600_ReadAngle
 .text.AS5600_UpdateTurns
                0x08000e4c       0x3e ./Core/Src/AS5600.o
                0x08000e4c                AS5600_UpdateTurns
 *fill*         0x08000e8a        0x2 
 .text.AS5600_CalculateSpeed
                0x08000e8c       0x98 ./Core/Src/AS5600.o
                0x08000e8c                AS5600_CalculateSpeed
 *fill*         0x08000f24        0x4 
 .text.Butterworth_II_tustin_Init
                0x08000f28      0x2b0 ./Core/Src/Butterworth_II_tustin.o
                0x08000f28                Butterworth_II_tustin_Init
 .text.MX_GPIO_Init
                0x080011d8      0x220 ./Core/Src/gpio.o
                0x080011d8                MX_GPIO_Init
 .text.MX_I2C2_Init
                0x080013f8       0x80 ./Core/Src/i2c.o
                0x080013f8                MX_I2C2_Init
 .text.HAL_I2C_MspInit
                0x08001478       0xbc ./Core/Src/i2c.o
                0x08001478                HAL_I2C_MspInit
 .text.coding18b
                0x08001534      0x348 ./Core/Src/main.o
                0x08001534                coding18b
 .text.setVibratingMotors
                0x0800187c       0x4c ./Core/Src/main.o
                0x0800187c                setVibratingMotors
 .text.main     0x080018c8      0x1bc ./Core/Src/main.o
                0x080018c8                main
 .text.SystemClock_Config
                0x08001a84       0xd0 ./Core/Src/main.o
                0x08001a84                SystemClock_Config
 .text.HAL_UART_RxCpltCallback
                0x08001b54       0xd8 ./Core/Src/main.o
                0x08001b54                HAL_UART_RxCpltCallback
 .text.HAL_TIM_PeriodElapsedCallback
                0x08001c2c       0x28 ./Core/Src/main.o
                0x08001c2c                HAL_TIM_PeriodElapsedCallback
 .text.Error_Handler
                0x08001c54        0xc ./Core/Src/main.o
                0x08001c54                Error_Handler
 .text.HAL_MspInit
                0x08001c60       0x48 ./Core/Src/stm32f7xx_hal_msp.o
                0x08001c60                HAL_MspInit
 .text.NMI_Handler
                0x08001ca8        0x8 ./Core/Src/stm32f7xx_it.o
                0x08001ca8                NMI_Handler
 .text.HardFault_Handler
                0x08001cb0        0x8 ./Core/Src/stm32f7xx_it.o
                0x08001cb0                HardFault_Handler
 .text.MemManage_Handler
                0x08001cb8        0x8 ./Core/Src/stm32f7xx_it.o
                0x08001cb8                MemManage_Handler
 .text.BusFault_Handler
                0x08001cc0        0x8 ./Core/Src/stm32f7xx_it.o
                0x08001cc0                BusFault_Handler
 .text.UsageFault_Handler
                0x08001cc8        0x8 ./Core/Src/stm32f7xx_it.o
                0x08001cc8                UsageFault_Handler
 .text.SVC_Handler
                0x08001cd0        0xe ./Core/Src/stm32f7xx_it.o
                0x08001cd0                SVC_Handler
 .text.DebugMon_Handler
                0x08001cde        0xe ./Core/Src/stm32f7xx_it.o
                0x08001cde                DebugMon_Handler
 .text.PendSV_Handler
                0x08001cec        0xe ./Core/Src/stm32f7xx_it.o
                0x08001cec                PendSV_Handler
 .text.SysTick_Handler
                0x08001cfa        0xc ./Core/Src/stm32f7xx_it.o
                0x08001cfa                SysTick_Handler
 *fill*         0x08001d06        0x2 
 .text.TIM2_IRQHandler
                0x08001d08       0x14 ./Core/Src/stm32f7xx_it.o
                0x08001d08                TIM2_IRQHandler
 .text.USART3_IRQHandler
                0x08001d1c       0x14 ./Core/Src/stm32f7xx_it.o
                0x08001d1c                USART3_IRQHandler
 .text.SystemInit
                0x08001d30       0x24 ./Core/Src/system_stm32f7xx.o
                0x08001d30                SystemInit
 .text.MX_TIM2_Init
                0x08001d54       0x9c ./Core/Src/tim.o
                0x08001d54                MX_TIM2_Init
 .text.MX_TIM3_Init
                0x08001df0       0xec ./Core/Src/tim.o
                0x08001df0                MX_TIM3_Init
 .text.HAL_TIM_Base_MspInit
                0x08001edc       0x70 ./Core/Src/tim.o
                0x08001edc                HAL_TIM_Base_MspInit
 .text.HAL_TIM_MspPostInit
                0x08001f4c       0x70 ./Core/Src/tim.o
                0x08001f4c                HAL_TIM_MspPostInit
 .text.MX_USART3_UART_Init
                0x08001fbc       0x60 ./Core/Src/usart.o
                0x08001fbc                MX_USART3_UART_Init
 .text.HAL_UART_MspInit
                0x0800201c       0xd0 ./Core/Src/usart.o
                0x0800201c                HAL_UART_MspInit
 .text.Reset_Handler
                0x080020ec       0x50 ./Core/Startup/startup_stm32f746zgtx.o
                0x080020ec                Reset_Handler
 .text.Default_Handler
                0x0800213c        0x2 ./Core/Startup/startup_stm32f746zgtx.o
                0x0800213c                RTC_Alarm_IRQHandler
                0x0800213c                EXTI2_IRQHandler
                0x0800213c                TIM8_CC_IRQHandler
                0x0800213c                UART8_IRQHandler
                0x0800213c                SPI4_IRQHandler
                0x0800213c                TIM1_CC_IRQHandler
                0x0800213c                DMA2_Stream5_IRQHandler
                0x0800213c                DMA1_Stream5_IRQHandler
                0x0800213c                PVD_IRQHandler
                0x0800213c                TAMP_STAMP_IRQHandler
                0x0800213c                CAN2_RX1_IRQHandler
                0x0800213c                EXTI3_IRQHandler
                0x0800213c                TIM8_TRG_COM_TIM14_IRQHandler
                0x0800213c                TIM1_UP_TIM10_IRQHandler
                0x0800213c                TIM8_UP_TIM13_IRQHandler
                0x0800213c                I2C3_ER_IRQHandler
                0x0800213c                EXTI0_IRQHandler
                0x0800213c                I2C2_EV_IRQHandler
                0x0800213c                DMA1_Stream2_IRQHandler
                0x0800213c                CAN1_RX0_IRQHandler
                0x0800213c                FPU_IRQHandler
                0x0800213c                OTG_HS_WKUP_IRQHandler
                0x0800213c                LTDC_ER_IRQHandler
                0x0800213c                CAN2_SCE_IRQHandler
                0x0800213c                DMA2_Stream2_IRQHandler
                0x0800213c                SPI1_IRQHandler
                0x0800213c                TIM6_DAC_IRQHandler
                0x0800213c                TIM1_BRK_TIM9_IRQHandler
                0x0800213c                DCMI_IRQHandler
                0x0800213c                CAN2_RX0_IRQHandler
                0x0800213c                DMA2_Stream3_IRQHandler
                0x0800213c                SAI2_IRQHandler
                0x0800213c                USART6_IRQHandler
                0x0800213c                CAN1_RX1_IRQHandler
                0x0800213c                UART5_IRQHandler
                0x0800213c                DMA2_Stream0_IRQHandler
                0x0800213c                TIM4_IRQHandler
                0x0800213c                QUADSPI_IRQHandler
                0x0800213c                I2C1_EV_IRQHandler
                0x0800213c                DMA1_Stream6_IRQHandler
                0x0800213c                DMA1_Stream1_IRQHandler
                0x0800213c                UART4_IRQHandler
                0x0800213c                TIM3_IRQHandler
                0x0800213c                RCC_IRQHandler
                0x0800213c                TIM8_BRK_TIM12_IRQHandler
                0x0800213c                Default_Handler
                0x0800213c                CEC_IRQHandler
                0x0800213c                EXTI15_10_IRQHandler
                0x0800213c                ADC_IRQHandler
                0x0800213c                DMA1_Stream7_IRQHandler
                0x0800213c                SPI5_IRQHandler
                0x0800213c                TIM7_IRQHandler
                0x0800213c                SDMMC1_IRQHandler
                0x0800213c                CAN2_TX_IRQHandler
                0x0800213c                TIM5_IRQHandler
                0x0800213c                DMA2_Stream7_IRQHandler
                0x0800213c                I2C3_EV_IRQHandler
                0x0800213c                EXTI9_5_IRQHandler
                0x0800213c                RTC_WKUP_IRQHandler
                0x0800213c                LTDC_IRQHandler
                0x0800213c                ETH_WKUP_IRQHandler
                0x0800213c                SPDIF_RX_IRQHandler
                0x0800213c                SPI2_IRQHandler
                0x0800213c                OTG_HS_EP1_IN_IRQHandler
                0x0800213c                DMA1_Stream0_IRQHandler
                0x0800213c                CAN1_TX_IRQHandler
                0x0800213c                EXTI4_IRQHandler
                0x0800213c                RNG_IRQHandler
                0x0800213c                ETH_IRQHandler
                0x0800213c                OTG_HS_EP1_OUT_IRQHandler
                0x0800213c                WWDG_IRQHandler
                0x0800213c                SPI6_IRQHandler
                0x0800213c                I2C4_EV_IRQHandler
                0x0800213c                OTG_FS_WKUP_IRQHandler
                0x0800213c                TIM1_TRG_COM_TIM11_IRQHandler
                0x0800213c                OTG_HS_IRQHandler
                0x0800213c                DMA2D_IRQHandler
                0x0800213c                EXTI1_IRQHandler
                0x0800213c                UART7_IRQHandler
                0x0800213c                USART2_IRQHandler
                0x0800213c                I2C2_ER_IRQHandler
                0x0800213c                DMA2_Stream1_IRQHandler
                0x0800213c                CAN1_SCE_IRQHandler
                0x0800213c                FLASH_IRQHandler
                0x0800213c                DMA2_Stream4_IRQHandler
                0x0800213c                USART1_IRQHandler
                0x0800213c                OTG_FS_IRQHandler
                0x0800213c                SPI3_IRQHandler
                0x0800213c                DMA1_Stream4_IRQHandler
                0x0800213c                I2C1_ER_IRQHandler
                0x0800213c                FMC_IRQHandler
                0x0800213c                LPTIM1_IRQHandler
                0x0800213c                I2C4_ER_IRQHandler
                0x0800213c                DMA2_Stream6_IRQHandler
                0x0800213c                SAI1_IRQHandler
                0x0800213c                DMA1_Stream3_IRQHandler
 .text.HAL_Init
                0x0800213e       0x1a ./Drivers/STM32F7xx_HAL_Driver/Src/stm32f7xx_hal.o
                0x0800213e                HAL_Init
 .text.HAL_InitTick
                0x08002158       0x60 ./Drivers/STM32F7xx_HAL_Driver/Src/stm32f7xx_hal.o
                0x08002158                HAL_InitTick
 .text.HAL_IncTick
                0x080021b8       0x28 ./Drivers/STM32F7xx_HAL_Driver/Src/stm32f7xx_hal.o
                0x080021b8                HAL_IncTick
 .text.HAL_GetTick
                0x080021e0       0x18 ./Drivers/STM32F7xx_HAL_Driver/Src/stm32f7xx_hal.o
                0x080021e0                HAL_GetTick
 .text.__NVIC_SetPriorityGrouping
                0x080021f8       0x48 ./Drivers/STM32F7xx_HAL_Driver/Src/stm32f7xx_hal_cortex.o
 .text.__NVIC_GetPriorityGrouping
                0x08002240       0x1c ./Drivers/STM32F7xx_HAL_Driver/Src/stm32f7xx_hal_cortex.o
 .text.__NVIC_EnableIRQ
                0x0800225c       0x3c ./Drivers/STM32F7xx_HAL_Driver/Src/stm32f7xx_hal_cortex.o
 .text.__NVIC_SetPriority
                0x08002298       0x54 ./Drivers/STM32F7xx_HAL_Driver/Src/stm32f7xx_hal_cortex.o
 .text.NVIC_EncodePriority
                0x080022ec       0x66 ./Drivers/STM32F7xx_HAL_Driver/Src/stm32f7xx_hal_cortex.o
 *fill*         0x08002352        0x2 
 .text.SysTick_Config
                0x08002354       0x44 ./Drivers/STM32F7xx_HAL_Driver/Src/stm32f7xx_hal_cortex.o
 .text.HAL_NVIC_SetPriorityGrouping
                0x08002398       0x16 ./Drivers/STM32F7xx_HAL_Driver/Src/stm32f7xx_hal_cortex.o
                0x08002398                HAL_NVIC_SetPriorityGrouping
 .text.HAL_NVIC_SetPriority
                0x080023ae       0x38 ./Drivers/STM32F7xx_HAL_Driver/Src/stm32f7xx_hal_cortex.o
                0x080023ae                HAL_NVIC_SetPriority
 .text.HAL_NVIC_EnableIRQ
                0x080023e6       0x1c ./Drivers/STM32F7xx_HAL_Driver/Src/stm32f7xx_hal_cortex.o
                0x080023e6                HAL_NVIC_EnableIRQ
 .text.HAL_SYSTICK_Config
                0x08002402       0x18 ./Drivers/STM32F7xx_HAL_Driver/Src/stm32f7xx_hal_cortex.o
                0x08002402                HAL_SYSTICK_Config
 .text.HAL_DMA_Abort
                0x0800241a       0xe0 ./Drivers/STM32F7xx_HAL_Driver/Src/stm32f7xx_hal_dma.o
                0x0800241a                HAL_DMA_Abort
 .text.HAL_DMA_Abort_IT
                0x080024fa       0x44 ./Drivers/STM32F7xx_HAL_Driver/Src/stm32f7xx_hal_dma.o
                0x080024fa                HAL_DMA_Abort_IT
 *fill*         0x0800253e        0x2 
 .text.HAL_GPIO_Init
                0x08002540      0x358 ./Drivers/STM32F7xx_HAL_Driver/Src/stm32f7xx_hal_gpio.o
                0x08002540                HAL_GPIO_Init
 .text.HAL_GPIO_WritePin
                0x08002898       0x32 ./Drivers/STM32F7xx_HAL_Driver/Src/stm32f7xx_hal_gpio.o
                0x08002898                HAL_GPIO_WritePin
 *fill*         0x080028ca        0x2 
 .text.HAL_I2C_Init
                0x080028cc      0x138 ./Drivers/STM32F7xx_HAL_Driver/Src/stm32f7xx_hal_i2c.o
                0x080028cc                HAL_I2C_Init
 .text.HAL_I2C_Mem_Write
                0x08002a04      0x228 ./Drivers/STM32F7xx_HAL_Driver/Src/stm32f7xx_hal_i2c.o
                0x08002a04                HAL_I2C_Mem_Write
 .text.HAL_I2C_Mem_Read
                0x08002c2c      0x234 ./Drivers/STM32F7xx_HAL_Driver/Src/stm32f7xx_hal_i2c.o
                0x08002c2c                HAL_I2C_Mem_Read
 .text.I2C_RequestMemoryWrite
                0x08002e60       0xa8 ./Drivers/STM32F7xx_HAL_Driver/Src/stm32f7xx_hal_i2c.o
 .text.I2C_RequestMemoryRead
                0x08002f08       0xa8 ./Drivers/STM32F7xx_HAL_Driver/Src/stm32f7xx_hal_i2c.o
 .text.I2C_Flush_TXDR
                0x08002fb0       0x48 ./Drivers/STM32F7xx_HAL_Driver/Src/stm32f7xx_hal_i2c.o
 .text.I2C_WaitOnFlagUntilTimeout
                0x08002ff8       0xb2 ./Drivers/STM32F7xx_HAL_Driver/Src/stm32f7xx_hal_i2c.o
 .text.I2C_WaitOnTXISFlagUntilTimeout
                0x080030aa       0x8e ./Drivers/STM32F7xx_HAL_Driver/Src/stm32f7xx_hal_i2c.o
 .text.I2C_WaitOnSTOPFlagUntilTimeout
                0x08003138       0x86 ./Drivers/STM32F7xx_HAL_Driver/Src/stm32f7xx_hal_i2c.o
 *fill*         0x080031be        0x2 
 .text.I2C_IsErrorOccurred
                0x080031c0      0x1c0 ./Drivers/STM32F7xx_HAL_Driver/Src/stm32f7xx_hal_i2c.o
 .text.I2C_TransferConfig
                0x08003380       0x64 ./Drivers/STM32F7xx_HAL_Driver/Src/stm32f7xx_hal_i2c.o
 .text.HAL_I2CEx_ConfigAnalogFilter
                0x080033e4       0x96 ./Drivers/STM32F7xx_HAL_Driver/Src/stm32f7xx_hal_i2c_ex.o
                0x080033e4                HAL_I2CEx_ConfigAnalogFilter
 .text.HAL_I2CEx_ConfigDigitalFilter
                0x0800347a       0x98 ./Drivers/STM32F7xx_HAL_Driver/Src/stm32f7xx_hal_i2c_ex.o
                0x0800347a                HAL_I2CEx_ConfigDigitalFilter
 *fill*         0x08003512        0x2 
 .text.HAL_PWR_EnableBkUpAccess
                0x08003514       0x20 ./Drivers/STM32F7xx_HAL_Driver/Src/stm32f7xx_hal_pwr.o
                0x08003514                HAL_PWR_EnableBkUpAccess
 .text.HAL_RCC_OscConfig
                0x08003534      0x548 ./Drivers/STM32F7xx_HAL_Driver/Src/stm32f7xx_hal_rcc.o
                0x08003534                HAL_RCC_OscConfig
 .text.HAL_RCC_ClockConfig
                0x08003a7c      0x1d8 ./Drivers/STM32F7xx_HAL_Driver/Src/stm32f7xx_hal_rcc.o
                0x08003a7c                HAL_RCC_ClockConfig
 .text.HAL_RCC_GetSysClockFreq
                0x08003c54      0x20c ./Drivers/STM32F7xx_HAL_Driver/Src/stm32f7xx_hal_rcc.o
                0x08003c54                HAL_RCC_GetSysClockFreq
 .text.HAL_RCC_GetHCLKFreq
                0x08003e60       0x18 ./Drivers/STM32F7xx_HAL_Driver/Src/stm32f7xx_hal_rcc.o
                0x08003e60                HAL_RCC_GetHCLKFreq
 .text.HAL_RCC_GetPCLK1Freq
                0x08003e78       0x28 ./Drivers/STM32F7xx_HAL_Driver/Src/stm32f7xx_hal_rcc.o
                0x08003e78                HAL_RCC_GetPCLK1Freq
 .text.HAL_RCC_GetPCLK2Freq
                0x08003ea0       0x28 ./Drivers/STM32F7xx_HAL_Driver/Src/stm32f7xx_hal_rcc.o
                0x08003ea0                HAL_RCC_GetPCLK2Freq
 .text.HAL_RCCEx_PeriphCLKConfig
                0x08003ec8      0x7e0 ./Drivers/STM32F7xx_HAL_Driver/Src/stm32f7xx_hal_rcc_ex.o
                0x08003ec8                HAL_RCCEx_PeriphCLKConfig
 .text.HAL_TIM_Base_Init
                0x080046a8       0xae ./Drivers/STM32F7xx_HAL_Driver/Src/stm32f7xx_hal_tim.o
                0x080046a8                HAL_TIM_Base_Init
 *fill*         0x08004756        0x2 
 .text.HAL_TIM_Base_Start_IT
                0x08004758       0xf0 ./Drivers/STM32F7xx_HAL_Driver/Src/stm32f7xx_hal_tim.o
                0x08004758                HAL_TIM_Base_Start_IT
 .text.HAL_TIM_PWM_Init
                0x08004848       0xae ./Drivers/STM32F7xx_HAL_Driver/Src/stm32f7xx_hal_tim.o
                0x08004848                HAL_TIM_PWM_Init
 .text.HAL_TIM_PWM_MspInit
                0x080048f6       0x14 ./Drivers/STM32F7xx_HAL_Driver/Src/stm32f7xx_hal_tim.o
                0x080048f6                HAL_TIM_PWM_MspInit
 *fill*         0x0800490a        0x2 
 .text.HAL_TIM_PWM_Start
                0x0800490c      0x1f4 ./Drivers/STM32F7xx_HAL_Driver/Src/stm32f7xx_hal_tim.o
                0x0800490c                HAL_TIM_PWM_Start
 .text.HAL_TIM_PWM_Stop
                0x08004b00      0x100 ./Drivers/STM32F7xx_HAL_Driver/Src/stm32f7xx_hal_tim.o
                0x08004b00                HAL_TIM_PWM_Stop
 .text.HAL_TIM_IRQHandler
                0x08004c00      0x20e ./Drivers/STM32F7xx_HAL_Driver/Src/stm32f7xx_hal_tim.o
                0x08004c00                HAL_TIM_IRQHandler
 *fill*         0x08004e0e        0x2 
 .text.HAL_TIM_PWM_ConfigChannel
                0x08004e10      0x228 ./Drivers/STM32F7xx_HAL_Driver/Src/stm32f7xx_hal_tim.o
                0x08004e10                HAL_TIM_PWM_ConfigChannel
 .text.HAL_TIM_ConfigClockSource
                0x08005038      0x194 ./Drivers/STM32F7xx_HAL_Driver/Src/stm32f7xx_hal_tim.o
                0x08005038                HAL_TIM_ConfigClockSource
 .text.HAL_TIM_OC_DelayElapsedCallback
                0x080051cc       0x14 ./Drivers/STM32F7xx_HAL_Driver/Src/stm32f7xx_hal_tim.o
                0x080051cc                HAL_TIM_OC_DelayElapsedCallback
 .text.HAL_TIM_IC_CaptureCallback
                0x080051e0       0x14 ./Drivers/STM32F7xx_HAL_Driver/Src/stm32f7xx_hal_tim.o
                0x080051e0                HAL_TIM_IC_CaptureCallback
 .text.HAL_TIM_PWM_PulseFinishedCallback
                0x080051f4       0x14 ./Drivers/STM32F7xx_HAL_Driver/Src/stm32f7xx_hal_tim.o
                0x080051f4                HAL_TIM_PWM_PulseFinishedCallback
 .text.HAL_TIM_TriggerCallback
                0x08005208       0x14 ./Drivers/STM32F7xx_HAL_Driver/Src/stm32f7xx_hal_tim.o
                0x08005208                HAL_TIM_TriggerCallback
 .text.TIM_Base_SetConfig
                0x0800521c      0x158 ./Drivers/STM32F7xx_HAL_Driver/Src/stm32f7xx_hal_tim.o
                0x0800521c                TIM_Base_SetConfig
 .text.TIM_OC1_SetConfig
                0x08005374       0xe4 ./Drivers/STM32F7xx_HAL_Driver/Src/stm32f7xx_hal_tim.o
 .text.TIM_OC2_SetConfig
                0x08005458       0xf0 ./Drivers/STM32F7xx_HAL_Driver/Src/stm32f7xx_hal_tim.o
                0x08005458                TIM_OC2_SetConfig
 .text.TIM_OC3_SetConfig
                0x08005548       0xec ./Drivers/STM32F7xx_HAL_Driver/Src/stm32f7xx_hal_tim.o
 .text.TIM_OC4_SetConfig
                0x08005634       0xb0 ./Drivers/STM32F7xx_HAL_Driver/Src/stm32f7xx_hal_tim.o
 .text.TIM_OC5_SetConfig
                0x080056e4       0xa4 ./Drivers/STM32F7xx_HAL_Driver/Src/stm32f7xx_hal_tim.o
 .text.TIM_OC6_SetConfig
                0x08005788       0xa8 ./Drivers/STM32F7xx_HAL_Driver/Src/stm32f7xx_hal_tim.o
 .text.TIM_TI1_ConfigInputStage
                0x08005830       0x5e ./Drivers/STM32F7xx_HAL_Driver/Src/stm32f7xx_hal_tim.o
 .text.TIM_TI2_ConfigInputStage
                0x0800588e       0x60 ./Drivers/STM32F7xx_HAL_Driver/Src/stm32f7xx_hal_tim.o
 .text.TIM_ITRx_SetConfig
                0x080058ee       0x36 ./Drivers/STM32F7xx_HAL_Driver/Src/stm32f7xx_hal_tim.o
 .text.TIM_ETR_SetConfig
                0x08005924       0x40 ./Drivers/STM32F7xx_HAL_Driver/Src/stm32f7xx_hal_tim.o
                0x08005924                TIM_ETR_SetConfig
 .text.TIM_CCxChannelCmd
                0x08005964       0x4a ./Drivers/STM32F7xx_HAL_Driver/Src/stm32f7xx_hal_tim.o
                0x08005964                TIM_CCxChannelCmd
 *fill*         0x080059ae        0x2 
 .text.HAL_TIMEx_MasterConfigSynchronization
                0x080059b0      0x11c ./Drivers/STM32F7xx_HAL_Driver/Src/stm32f7xx_hal_tim_ex.o
                0x080059b0                HAL_TIMEx_MasterConfigSynchronization
 .text.HAL_TIMEx_CommutCallback
                0x08005acc       0x14 ./Drivers/STM32F7xx_HAL_Driver/Src/stm32f7xx_hal_tim_ex.o
                0x08005acc                HAL_TIMEx_CommutCallback
 .text.HAL_TIMEx_BreakCallback
                0x08005ae0       0x14 ./Drivers/STM32F7xx_HAL_Driver/Src/stm32f7xx_hal_tim_ex.o
                0x08005ae0                HAL_TIMEx_BreakCallback
 .text.HAL_TIMEx_Break2Callback
                0x08005af4       0x14 ./Drivers/STM32F7xx_HAL_Driver/Src/stm32f7xx_hal_tim_ex.o
                0x08005af4                HAL_TIMEx_Break2Callback
 .text.HAL_UART_Init
                0x08005b08       0x9c ./Drivers/STM32F7xx_HAL_Driver/Src/stm32f7xx_hal_uart.o
                0x08005b08                HAL_UART_Init
 .text.HAL_UART_Transmit
                0x08005ba4      0x112 ./Drivers/STM32F7xx_HAL_Driver/Src/stm32f7xx_hal_uart.o
                0x08005ba4                HAL_UART_Transmit
 .text.HAL_UART_Receive_IT
                0x08005cb6       0x88 ./Drivers/STM32F7xx_HAL_Driver/Src/stm32f7xx_hal_uart.o
                0x08005cb6                HAL_UART_Receive_IT
 *fill*         0x08005d3e        0x2 
 .text.HAL_UART_IRQHandler
                0x08005d40      0x5a4 ./Drivers/STM32F7xx_HAL_Driver/Src/stm32f7xx_hal_uart.o
                0x08005d40                HAL_UART_IRQHandler
 .text.HAL_UART_TxCpltCallback
                0x080062e4       0x14 ./Drivers/STM32F7xx_HAL_Driver/Src/stm32f7xx_hal_uart.o
                0x080062e4                HAL_UART_TxCpltCallback
 .text.HAL_UART_ErrorCallback
                0x080062f8       0x14 ./Drivers/STM32F7xx_HAL_Driver/Src/stm32f7xx_hal_uart.o
                0x080062f8                HAL_UART_ErrorCallback
 .text.HAL_UARTEx_RxEventCallback
                0x0800630c       0x18 ./Drivers/STM32F7xx_HAL_Driver/Src/stm32f7xx_hal_uart.o
                0x0800630c                HAL_UARTEx_RxEventCallback
 .text.UART_SetConfig
                0x08006324      0x4c8 ./Drivers/STM32F7xx_HAL_Driver/Src/stm32f7xx_hal_uart.o
                0x08006324                UART_SetConfig
 .text.UART_AdvFeatureConfig
                0x080067ec      0x144 ./Drivers/STM32F7xx_HAL_Driver/Src/stm32f7xx_hal_uart.o
                0x080067ec                UART_AdvFeatureConfig
 .text.UART_CheckIdleState
                0x08006930       0xae ./Drivers/STM32F7xx_HAL_Driver/Src/stm32f7xx_hal_uart.o
                0x08006930                UART_CheckIdleState
 .text.UART_WaitOnFlagUntilTimeout
                0x080069de       0xda ./Drivers/STM32F7xx_HAL_Driver/Src/stm32f7xx_hal_uart.o
                0x080069de                UART_WaitOnFlagUntilTimeout
 .text.UART_Start_Receive_IT
                0x08006ab8      0x18c ./Drivers/STM32F7xx_HAL_Driver/Src/stm32f7xx_hal_uart.o
                0x08006ab8                UART_Start_Receive_IT
 .text.UART_EndRxTransfer
                0x08006c44       0xc8 ./Drivers/STM32F7xx_HAL_Driver/Src/stm32f7xx_hal_uart.o
 .text.UART_DMAAbortOnError
                0x08006d0c       0x2c ./Drivers/STM32F7xx_HAL_Driver/Src/stm32f7xx_hal_uart.o
 .text.UART_EndTransmit_IT
                0x08006d38       0x54 ./Drivers/STM32F7xx_HAL_Driver/Src/stm32f7xx_hal_uart.o
 .text.UART_RxISR_8BIT
                0x08006d8c      0x1a8 ./Drivers/STM32F7xx_HAL_Driver/Src/stm32f7xx_hal_uart.o
 .text.UART_RxISR_16BIT
                0x08006f34      0x1a8 ./Drivers/STM32F7xx_HAL_Driver/Src/stm32f7xx_hal_uart.o
 .text.memset   0x080070dc       0x10 A:/STM IDE/STM32CubeIDE_1.14.0/STM32CubeIDE/plugins/com.st.stm32cube.ide.mcu.externaltools.gnu-tools-for-stm32.12.3.rel1.win32_1.0.200.202406191623/tools/bin/../lib/gcc/arm-none-eabi/12.3.1/../../../../arm-none-eabi/lib/thumb/v7e-m+fp/hard\libc_nano.a(libc_a-memset.o)
                0x080070dc                memset
 .text.__libc_init_array
                0x080070ec       0x48 A:/STM IDE/STM32CubeIDE_1.14.0/STM32CubeIDE/plugins/com.st.stm32cube.ide.mcu.externaltools.gnu-tools-for-stm32.12.3.rel1.win32_1.0.200.202406191623/tools/bin/../lib/gcc/arm-none-eabi/12.3.1/../../../../arm-none-eabi/lib/thumb/v7e-m+fp/hard\libc_nano.a(libc_a-init.o)
                0x080070ec                __libc_init_array
 *(.glue_7)
 .glue_7        0x08007134        0x0 linker stubs
 *(.glue_7t)
 .glue_7t       0x08007134        0x0 linker stubs
 *(.eh_frame)
 .eh_frame      0x08007134        0x0 A:/STM IDE/STM32CubeIDE_1.14.0/STM32CubeIDE/plugins/com.st.stm32cube.ide.mcu.externaltools.gnu-tools-for-stm32.12.3.rel1.win32_1.0.200.202406191623/tools/bin/../lib/gcc/arm-none-eabi/12.3.1/thumb/v7e-m+fp/hard/crtbegin.o
 *(.init)
 .init          0x08007134        0x4 A:/STM IDE/STM32CubeIDE_1.14.0/STM32CubeIDE/plugins/com.st.stm32cube.ide.mcu.externaltools.gnu-tools-for-stm32.12.3.rel1.win32_1.0.200.202406191623/tools/bin/../lib/gcc/arm-none-eabi/12.3.1/thumb/v7e-m+fp/hard/crti.o
                0x08007134                _init
 .init          0x08007138        0x8 A:/STM IDE/STM32CubeIDE_1.14.0/STM32CubeIDE/plugins/com.st.stm32cube.ide.mcu.externaltools.gnu-tools-for-stm32.12.3.rel1.win32_1.0.200.202406191623/tools/bin/../lib/gcc/arm-none-eabi/12.3.1/thumb/v7e-m+fp/hard/crtn.o
 *(.fini)
 .fini          0x08007140        0x4 A:/STM IDE/STM32CubeIDE_1.14.0/STM32CubeIDE/plugins/com.st.stm32cube.ide.mcu.externaltools.gnu-tools-for-stm32.12.3.rel1.win32_1.0.200.202406191623/tools/bin/../lib/gcc/arm-none-eabi/12.3.1/thumb/v7e-m+fp/hard/crti.o
                0x08007140                _fini
 .fini          0x08007144        0x8 A:/STM IDE/STM32CubeIDE_1.14.0/STM32CubeIDE/plugins/com.st.stm32cube.ide.mcu.externaltools.gnu-tools-for-stm32.12.3.rel1.win32_1.0.200.202406191623/tools/bin/../lib/gcc/arm-none-eabi/12.3.1/thumb/v7e-m+fp/hard/crtn.o
                0x0800714c                        . = ALIGN (0x4)
                0x0800714c                        _etext = .

.vfp11_veneer   0x0800714c        0x0
 .vfp11_veneer  0x0800714c        0x0 linker stubs

.v4_bx          0x0800714c        0x0
 .v4_bx         0x0800714c        0x0 linker stubs

.iplt           0x0800714c        0x0
 .iplt          0x0800714c        0x0 A:/STM IDE/STM32CubeIDE_1.14.0/STM32CubeIDE/plugins/com.st.stm32cube.ide.mcu.externaltools.gnu-tools-for-stm32.12.3.rel1.win32_1.0.200.202406191623/tools/bin/../lib/gcc/arm-none-eabi/12.3.1/thumb/v7e-m+fp/hard/crtbegin.o

.rodata         0x0800714c       0x18
                0x0800714c                        . = ALIGN (0x4)
 *(.rodata)
 *(.rodata*)
 .rodata.AHBPrescTable
                0x0800714c       0x10 ./Core/Src/system_stm32f7xx.o
                0x0800714c                AHBPrescTable
 .rodata.APBPrescTable
                0x0800715c        0x8 ./Core/Src/system_stm32f7xx.o
                0x0800715c                APBPrescTable
                0x08007164                        . = ALIGN (0x4)

.ARM.extab      0x08007164        0x0
                0x08007164                        . = ALIGN (0x4)
 *(.ARM.extab* .gnu.linkonce.armextab.*)
                0x08007164                        . = ALIGN (0x4)

.ARM            0x08007164        0x8
                0x08007164                        . = ALIGN (0x4)
                0x08007164                        __exidx_start = .
 *(.ARM.exidx*)
 .ARM.exidx     0x08007164        0x8 A:/STM IDE/STM32CubeIDE_1.14.0/STM32CubeIDE/plugins/com.st.stm32cube.ide.mcu.externaltools.gnu-tools-for-stm32.12.3.rel1.win32_1.0.200.202406191623/tools/bin/../lib/gcc/arm-none-eabi/12.3.1/thumb/v7e-m+fp/hard\libgcc.a(_udivmoddi4.o)
                0x0800716c                        __exidx_end = .
                0x0800716c                        . = ALIGN (0x4)

.preinit_array  0x0800716c        0x0
                0x0800716c                        . = ALIGN (0x4)
                0x0800716c                        PROVIDE (__preinit_array_start = .)
 *(.preinit_array*)
                0x0800716c                        PROVIDE (__preinit_array_end = .)
                0x0800716c                        . = ALIGN (0x4)

.init_array     0x0800716c        0x4
                0x0800716c                        . = ALIGN (0x4)
                0x0800716c                        PROVIDE (__init_array_start = .)
 *(SORT_BY_NAME(.init_array.*))
 *(.init_array*)
 .init_array    0x0800716c        0x4 A:/STM IDE/STM32CubeIDE_1.14.0/STM32CubeIDE/plugins/com.st.stm32cube.ide.mcu.externaltools.gnu-tools-for-stm32.12.3.rel1.win32_1.0.200.202406191623/tools/bin/../lib/gcc/arm-none-eabi/12.3.1/thumb/v7e-m+fp/hard/crtbegin.o
                0x08007170                        PROVIDE (__init_array_end = .)
                0x08007170                        . = ALIGN (0x4)

.fini_array     0x08007170        0x4
                0x08007170                        . = ALIGN (0x4)
                [!provide]                        PROVIDE (__fini_array_start = .)
 *(SORT_BY_NAME(.fini_array.*))
 *(.fini_array*)
 .fini_array    0x08007170        0x4 A:/STM IDE/STM32CubeIDE_1.14.0/STM32CubeIDE/plugins/com.st.stm32cube.ide.mcu.externaltools.gnu-tools-for-stm32.12.3.rel1.win32_1.0.200.202406191623/tools/bin/../lib/gcc/arm-none-eabi/12.3.1/thumb/v7e-m+fp/hard/crtbegin.o
                [!provide]                        PROVIDE (__fini_array_end = .)
                0x08007174                        . = ALIGN (0x4)
                0x08007174                        _sidata = LOADADDR (.data)

.rel.dyn        0x08007174        0x0
 .rel.iplt      0x08007174        0x0 A:/STM IDE/STM32CubeIDE_1.14.0/STM32CubeIDE/plugins/com.st.stm32cube.ide.mcu.externaltools.gnu-tools-for-stm32.12.3.rel1.win32_1.0.200.202406191623/tools/bin/../lib/gcc/arm-none-eabi/12.3.1/thumb/v7e-m+fp/hard/crtbegin.o

.data           0x20000000       0x10 load address 0x08007174
                0x20000000                        . = ALIGN (0x4)
                0x20000000                        _sdata = .
 *(.data)
 *(.data*)
 .data.endByte  0x20000000        0x1 ./Core/Src/main.o
                0x20000000                endByte
 *fill*         0x20000001        0x3 
 .data.SystemCoreClock
                0x20000004        0x4 ./Core/Src/system_stm32f7xx.o
                0x20000004                SystemCoreClock
 .data.uwTickPrio
                0x20000008        0x4 ./Drivers/STM32F7xx_HAL_Driver/Src/stm32f7xx_hal.o
                0x20000008                uwTickPrio
 .data.uwTickFreq
                0x2000000c        0x1 ./Drivers/STM32F7xx_HAL_Driver/Src/stm32f7xx_hal.o
                0x2000000c                uwTickFreq
 *(.RamFunc)
 *(.RamFunc*)
                0x20000010                        . = ALIGN (0x4)
 *fill*         0x2000000d        0x3 
                0x20000010                        _edata = .

.igot.plt       0x20000010        0x0 load address 0x08007184
 .igot.plt      0x20000010        0x0 A:/STM IDE/STM32CubeIDE_1.14.0/STM32CubeIDE/plugins/com.st.stm32cube.ide.mcu.externaltools.gnu-tools-for-stm32.12.3.rel1.win32_1.0.200.202406191623/tools/bin/../lib/gcc/arm-none-eabi/12.3.1/thumb/v7e-m+fp/hard/crtbegin.o
                0x20000010                        . = ALIGN (0x4)

.bss            0x20000010      0x294 load address 0x08007184
                0x20000010                        _sbss = .
                0x20000010                        __bss_start__ = _sbss
 *(.bss)
 .bss           0x20000010       0x1c A:/STM IDE/STM32CubeIDE_1.14.0/STM32CubeIDE/plugins/com.st.stm32cube.ide.mcu.externaltools.gnu-tools-for-stm32.12.3.rel1.win32_1.0.200.202406191623/tools/bin/../lib/gcc/arm-none-eabi/12.3.1/thumb/v7e-m+fp/hard/crtbegin.o
 *(.bss*)
 .bss.hi2c2     0x2000002c       0x54 ./Core/Src/i2c.o
                0x2000002c                hi2c2
 .bss.MPU6050   0x20000080       0x4c ./Core/Src/main.o
                0x20000080                MPU6050
 .bss.input     0x200000cc        0x1 ./Core/Src/main.o
                0x200000cc                input
 *fill*         0x200000cd        0x3 
 .bss.inputsTab
                0x200000d0        0x3 ./Core/Src/main.o
                0x200000d0                inputsTab
 .bss.inputNumber
                0x200000d3        0x1 ./Core/Src/main.o
                0x200000d3                inputNumber
 .bss.USER_receivedDataStruct
                0x200000d4        0x3 ./Core/Src/main.o
                0x200000d4                USER_receivedDataStruct
 *fill*         0x200000d7        0x1 
 .bss.AS5600    0x200000d8       0x18 ./Core/Src/main.o
                0x200000d8                AS5600
 .bss.Butterworth_II_tustin
                0x200000f0       0x2c ./Core/Src/main.o
                0x200000f0                Butterworth_II_tustin
 .bss.Butterworth_II_tustin2
                0x2000011c       0x2c ./Core/Src/main.o
                0x2000011c                Butterworth_II_tustin2
 .bss.speedForFilter1
                0x20000148        0x4 ./Core/Src/main.o
                0x20000148                speedForFilter1
 .bss.speedFromFilter1
                0x2000014c        0x4 ./Core/Src/main.o
                0x2000014c                speedFromFilter1
 .bss.motorR    0x20000150        0x4 ./Core/Src/main.o
                0x20000150                motorR
 .bss.angleX    0x20000154        0x4 ./Core/Src/main.o
                0x20000154                angleX
 .bss.angleY    0x20000158        0x4 ./Core/Src/main.o
                0x20000158                angleY
 .bss.accelX    0x2000015c        0x4 ./Core/Src/main.o
                0x2000015c                accelX
 .bss.accelY    0x20000160        0x4 ./Core/Src/main.o
                0x20000160                accelY
 .bss.accelZ    0x20000164        0x4 ./Core/Src/main.o
                0x20000164                accelZ
 .bss.buttonsA  0x20000168        0x1 ./Core/Src/main.o
                0x20000168                buttonsA
 .bss.buttonsB  0x20000169        0x1 ./Core/Src/main.o
                0x20000169                buttonsB
 .bss.joystickX
                0x2000016a        0x1 ./Core/Src/main.o
                0x2000016a                joystickX
 .bss.joystickY
                0x2000016b        0x1 ./Core/Src/main.o
                0x2000016b                joystickY
 .bss.outputTab
                0x2000016c       0x12 ./Core/Src/main.o
                0x2000016c                outputTab
 .bss.USER_FLAG_measurementVar
                0x2000017e        0x1 ./Core/Src/main.o
                0x2000017e                USER_FLAG_measurementVar
 .bss.USER_FLAG_stateVar
                0x2000017f        0x1 ./Core/Src/main.o
                0x2000017f                USER_FLAG_stateVar
 .bss.htim2     0x20000180       0x4c ./Core/Src/tim.o
                0x20000180                htim2
 .bss.htim3     0x200001cc       0x4c ./Core/Src/tim.o
                0x200001cc                htim3
 .bss.huart3    0x20000218       0x88 ./Core/Src/usart.o
                0x20000218                huart3
 .bss.uwTick    0x200002a0        0x4 ./Drivers/STM32F7xx_HAL_Driver/Src/stm32f7xx_hal.o
                0x200002a0                uwTick
 *(COMMON)
                0x200002a4                        . = ALIGN (0x4)
                0x200002a4                        _ebss = .
                0x200002a4                        __bss_end__ = _ebss

._user_heap_stack
                0x200002a4      0x604 load address 0x08007184
                0x200002a8                        . = ALIGN (0x8)
 *fill*         0x200002a4        0x4 
                [!provide]                        PROVIDE (end = .)
                0x200002a8                        PROVIDE (_end = .)
                0x200004a8                        . = (. + _Min_Heap_Size)
 *fill*         0x200002a8      0x200 
                0x200008a8                        . = (. + _Min_Stack_Size)
 *fill*         0x200004a8      0x400 
                0x200008a8                        . = ALIGN (0x8)

/DISCARD/
 libc.a(*)
 libm.a(*)
 libgcc.a(*)

.ARM.attributes
                0x00000000       0x30
 *(.ARM.attributes)
 .ARM.attributes
                0x00000000       0x22 A:/STM IDE/STM32CubeIDE_1.14.0/STM32CubeIDE/plugins/com.st.stm32cube.ide.mcu.externaltools.gnu-tools-for-stm32.12.3.rel1.win32_1.0.200.202406191623/tools/bin/../lib/gcc/arm-none-eabi/12.3.1/thumb/v7e-m+fp/hard/crti.o
 .ARM.attributes
                0x00000022       0x34 A:/STM IDE/STM32CubeIDE_1.14.0/STM32CubeIDE/plugins/com.st.stm32cube.ide.mcu.externaltools.gnu-tools-for-stm32.12.3.rel1.win32_1.0.200.202406191623/tools/bin/../lib/gcc/arm-none-eabi/12.3.1/thumb/v7e-m+fp/hard/crtbegin.o
 .ARM.attributes
                0x00000056       0x34 ./Core/Src/AS5600.o
 .ARM.attributes
                0x0000008a       0x34 ./Core/Src/Butterworth_II_tustin.o
 .ARM.attributes
                0x000000be       0x34 ./Core/Src/gpio.o
 .ARM.attributes
                0x000000f2       0x34 ./Core/Src/i2c.o
 .ARM.attributes
                0x00000126       0x34 ./Core/Src/main.o
 .ARM.attributes
                0x0000015a       0x34 ./Core/Src/stm32f7xx_hal_msp.o
 .ARM.attributes
                0x0000018e       0x34 ./Core/Src/stm32f7xx_it.o
 .ARM.attributes
                0x000001c2       0x34 ./Core/Src/system_stm32f7xx.o
 .ARM.attributes
                0x000001f6       0x34 ./Core/Src/tim.o
 .ARM.attributes
                0x0000022a       0x34 ./Core/Src/usart.o
 .ARM.attributes
                0x0000025e       0x21 ./Core/Startup/startup_stm32f746zgtx.o
 .ARM.attributes
                0x0000027f       0x34 ./Drivers/STM32F7xx_HAL_Driver/Src/stm32f7xx_hal.o
 .ARM.attributes
                0x000002b3       0x34 ./Drivers/STM32F7xx_HAL_Driver/Src/stm32f7xx_hal_cortex.o
 .ARM.attributes
                0x000002e7       0x34 ./Drivers/STM32F7xx_HAL_Driver/Src/stm32f7xx_hal_dma.o
 .ARM.attributes
                0x0000031b       0x34 ./Drivers/STM32F7xx_HAL_Driver/Src/stm32f7xx_hal_gpio.o
 .ARM.attributes
                0x0000034f       0x34 ./Drivers/STM32F7xx_HAL_Driver/Src/stm32f7xx_hal_i2c.o
 .ARM.attributes
                0x00000383       0x34 ./Drivers/STM32F7xx_HAL_Driver/Src/stm32f7xx_hal_i2c_ex.o
 .ARM.attributes
                0x000003b7       0x34 ./Drivers/STM32F7xx_HAL_Driver/Src/stm32f7xx_hal_pwr.o
 .ARM.attributes
                0x000003eb       0x34 ./Drivers/STM32F7xx_HAL_Driver/Src/stm32f7xx_hal_rcc.o
 .ARM.attributes
                0x0000041f       0x34 ./Drivers/STM32F7xx_HAL_Driver/Src/stm32f7xx_hal_rcc_ex.o
 .ARM.attributes
                0x00000453       0x34 ./Drivers/STM32F7xx_HAL_Driver/Src/stm32f7xx_hal_tim.o
 .ARM.attributes
                0x00000487       0x34 ./Drivers/STM32F7xx_HAL_Driver/Src/stm32f7xx_hal_tim_ex.o
 .ARM.attributes
                0x000004bb       0x34 ./Drivers/STM32F7xx_HAL_Driver/Src/stm32f7xx_hal_uart.o
 .ARM.attributes
                0x000004ef       0x34 A:/STM IDE/STM32CubeIDE_1.14.0/STM32CubeIDE/plugins/com.st.stm32cube.ide.mcu.externaltools.gnu-tools-for-stm32.12.3.rel1.win32_1.0.200.202406191623/tools/bin/../lib/gcc/arm-none-eabi/12.3.1/../../../../arm-none-eabi/lib/thumb/v7e-m+fp/hard\libc_nano.a(libc_a-memset.o)
 .ARM.attributes
                0x00000523       0x34 A:/STM IDE/STM32CubeIDE_1.14.0/STM32CubeIDE/plugins/com.st.stm32cube.ide.mcu.externaltools.gnu-tools-for-stm32.12.3.rel1.win32_1.0.200.202406191623/tools/bin/../lib/gcc/arm-none-eabi/12.3.1/../../../../arm-none-eabi/lib/thumb/v7e-m+fp/hard\libc_nano.a(libc_a-init.o)
 .ARM.attributes
                0x00000557       0x22 A:/STM IDE/STM32CubeIDE_1.14.0/STM32CubeIDE/plugins/com.st.stm32cube.ide.mcu.externaltools.gnu-tools-for-stm32.12.3.rel1.win32_1.0.200.202406191623/tools/bin/../lib/gcc/arm-none-eabi/12.3.1/thumb/v7e-m+fp/hard\libgcc.a(_arm_addsubdf3.o)
 .ARM.attributes
                0x00000579       0x22 A:/STM IDE/STM32CubeIDE_1.14.0/STM32CubeIDE/plugins/com.st.stm32cube.ide.mcu.externaltools.gnu-tools-for-stm32.12.3.rel1.win32_1.0.200.202406191623/tools/bin/../lib/gcc/arm-none-eabi/12.3.1/thumb/v7e-m+fp/hard\libgcc.a(_arm_muldivdf3.o)
 .ARM.attributes
                0x0000059b       0x22 A:/STM IDE/STM32CubeIDE_1.14.0/STM32CubeIDE/plugins/com.st.stm32cube.ide.mcu.externaltools.gnu-tools-for-stm32.12.3.rel1.win32_1.0.200.202406191623/tools/bin/../lib/gcc/arm-none-eabi/12.3.1/thumb/v7e-m+fp/hard\libgcc.a(_arm_truncdfsf2.o)
 .ARM.attributes
                0x000005bd       0x22 A:/STM IDE/STM32CubeIDE_1.14.0/STM32CubeIDE/plugins/com.st.stm32cube.ide.mcu.externaltools.gnu-tools-for-stm32.12.3.rel1.win32_1.0.200.202406191623/tools/bin/../lib/gcc/arm-none-eabi/12.3.1/thumb/v7e-m+fp/hard\libgcc.a(_aeabi_uldivmod.o)
 .ARM.attributes
                0x000005df       0x34 A:/STM IDE/STM32CubeIDE_1.14.0/STM32CubeIDE/plugins/com.st.stm32cube.ide.mcu.externaltools.gnu-tools-for-stm32.12.3.rel1.win32_1.0.200.202406191623/tools/bin/../lib/gcc/arm-none-eabi/12.3.1/thumb/v7e-m+fp/hard\libgcc.a(_udivmoddi4.o)
 .ARM.attributes
                0x00000613       0x22 A:/STM IDE/STM32CubeIDE_1.14.0/STM32CubeIDE/plugins/com.st.stm32cube.ide.mcu.externaltools.gnu-tools-for-stm32.12.3.rel1.win32_1.0.200.202406191623/tools/bin/../lib/gcc/arm-none-eabi/12.3.1/thumb/v7e-m+fp/hard\libgcc.a(_dvmd_tls.o)
 .ARM.attributes
                0x00000635       0x22 A:/STM IDE/STM32CubeIDE_1.14.0/STM32CubeIDE/plugins/com.st.stm32cube.ide.mcu.externaltools.gnu-tools-for-stm32.12.3.rel1.win32_1.0.200.202406191623/tools/bin/../lib/gcc/arm-none-eabi/12.3.1/thumb/v7e-m+fp/hard/crtn.o
OUTPUT(INZ_testy_napedow_F746.elf elf32-littlearm)
LOAD linker stubs
LOAD A:/STM IDE/STM32CubeIDE_1.14.0/STM32CubeIDE/plugins/com.st.stm32cube.ide.mcu.externaltools.gnu-tools-for-stm32.12.3.rel1.win32_1.0.200.202406191623/tools/bin/../lib/gcc/arm-none-eabi/12.3.1/../../../../arm-none-eabi/lib/thumb/v7e-m+fp/hard\libc.a
LOAD A:/STM IDE/STM32CubeIDE_1.14.0/STM32CubeIDE/plugins/com.st.stm32cube.ide.mcu.externaltools.gnu-tools-for-stm32.12.3.rel1.win32_1.0.200.202406191623/tools/bin/../lib/gcc/arm-none-eabi/12.3.1/../../../../arm-none-eabi/lib/thumb/v7e-m+fp/hard\libm.a
LOAD A:/STM IDE/STM32CubeIDE_1.14.0/STM32CubeIDE/plugins/com.st.stm32cube.ide.mcu.externaltools.gnu-tools-for-stm32.12.3.rel1.win32_1.0.200.202406191623/tools/bin/../lib/gcc/arm-none-eabi/12.3.1/thumb/v7e-m+fp/hard\libgcc.a

.debug_info     0x00000000    0x14e62
 .debug_info    0x00000000      0x89f ./Core/Src/AS5600.o
 .debug_info    0x0000089f      0x18c ./Core/Src/Butterworth_II_tustin.o
 .debug_info    0x00000a2b      0x499 ./Core/Src/gpio.o
 .debug_info    0x00000ec4      0xc23 ./Core/Src/i2c.o
 .debug_info    0x00001ae7     0x19e1 ./Core/Src/main.o
 .debug_info    0x000034c8      0x28d ./Core/Src/stm32f7xx_hal_msp.o
 .debug_info    0x00003755      0xabb ./Core/Src/stm32f7xx_it.o
 .debug_info    0x00004210      0x6ed ./Core/Src/system_stm32f7xx.o
 .debug_info    0x000048fd      0xf95 ./Core/Src/tim.o
 .debug_info    0x00005892      0xf29 ./Core/Src/usart.o
 .debug_info    0x000067bb       0x30 ./Core/Startup/startup_stm32f746zgtx.o
 .debug_info    0x000067eb      0x9d8 ./Drivers/STM32F7xx_HAL_Driver/Src/stm32f7xx_hal.o
 .debug_info    0x000071c3      0xf7e ./Drivers/STM32F7xx_HAL_Driver/Src/stm32f7xx_hal_cortex.o
 .debug_info    0x00008141      0x8e7 ./Drivers/STM32F7xx_HAL_Driver/Src/stm32f7xx_hal_dma.o
 .debug_info    0x00008a28      0x6e7 ./Drivers/STM32F7xx_HAL_Driver/Src/stm32f7xx_hal_gpio.o
 .debug_info    0x0000910f     0x2138 ./Drivers/STM32F7xx_HAL_Driver/Src/stm32f7xx_hal_i2c.o
 .debug_info    0x0000b247      0x922 ./Drivers/STM32F7xx_HAL_Driver/Src/stm32f7xx_hal_i2c_ex.o
 .debug_info    0x0000bb69      0x90e ./Drivers/STM32F7xx_HAL_Driver/Src/stm32f7xx_hal_pwr.o
 .debug_info    0x0000c477      0x8dc ./Drivers/STM32F7xx_HAL_Driver/Src/stm32f7xx_hal_rcc.o
 .debug_info    0x0000cd53      0x6bd ./Drivers/STM32F7xx_HAL_Driver/Src/stm32f7xx_hal_rcc_ex.o
 .debug_info    0x0000d410     0x2abd ./Drivers/STM32F7xx_HAL_Driver/Src/stm32f7xx_hal_tim.o
 .debug_info    0x0000fecd     0x15bb ./Drivers/STM32F7xx_HAL_Driver/Src/stm32f7xx_hal_tim_ex.o
 .debug_info    0x00011488     0x39da ./Drivers/STM32F7xx_HAL_Driver/Src/stm32f7xx_hal_uart.o

.debug_abbrev   0x00000000     0x2c7f
 .debug_abbrev  0x00000000      0x1c8 ./Core/Src/AS5600.o
 .debug_abbrev  0x000001c8       0xd0 ./Core/Src/Butterworth_II_tustin.o
 .debug_abbrev  0x00000298      0x152 ./Core/Src/gpio.o
 .debug_abbrev  0x000003ea      0x217 ./Core/Src/i2c.o
 .debug_abbrev  0x00000601      0x30b ./Core/Src/main.o
 .debug_abbrev  0x0000090c       0xd8 ./Core/Src/stm32f7xx_hal_msp.o
 .debug_abbrev  0x000009e4      0x19c ./Core/Src/stm32f7xx_it.o
 .debug_abbrev  0x00000b80      0x13b ./Core/Src/system_stm32f7xx.o
 .debug_abbrev  0x00000cbb      0x22c ./Core/Src/tim.o
 .debug_abbrev  0x00000ee7      0x218 ./Core/Src/usart.o
 .debug_abbrev  0x000010ff       0x24 ./Core/Startup/startup_stm32f746zgtx.o
 .debug_abbrev  0x00001123      0x213 ./Drivers/STM32F7xx_HAL_Driver/Src/stm32f7xx_hal.o
 .debug_abbrev  0x00001336      0x31e ./Drivers/STM32F7xx_HAL_Driver/Src/stm32f7xx_hal_cortex.o
 .debug_abbrev  0x00001654      0x264 ./Drivers/STM32F7xx_HAL_Driver/Src/stm32f7xx_hal_dma.o
 .debug_abbrev  0x000018b8      0x1d4 ./Drivers/STM32F7xx_HAL_Driver/Src/stm32f7xx_hal_gpio.o
 .debug_abbrev  0x00001a8c      0x260 ./Drivers/STM32F7xx_HAL_Driver/Src/stm32f7xx_hal_i2c.o
 .debug_abbrev  0x00001cec      0x19c ./Drivers/STM32F7xx_HAL_Driver/Src/stm32f7xx_hal_i2c_ex.o
 .debug_abbrev  0x00001e88      0x1c5 ./Drivers/STM32F7xx_HAL_Driver/Src/stm32f7xx_hal_pwr.o
 .debug_abbrev  0x0000204d      0x288 ./Drivers/STM32F7xx_HAL_Driver/Src/stm32f7xx_hal_rcc.o
 .debug_abbrev  0x000022d5      0x1c9 ./Drivers/STM32F7xx_HAL_Driver/Src/stm32f7xx_hal_rcc_ex.o
 .debug_abbrev  0x0000249e      0x278 ./Drivers/STM32F7xx_HAL_Driver/Src/stm32f7xx_hal_tim.o
 .debug_abbrev  0x00002716      0x283 ./Drivers/STM32F7xx_HAL_Driver/Src/stm32f7xx_hal_tim_ex.o
 .debug_abbrev  0x00002999      0x2e6 ./Drivers/STM32F7xx_HAL_Driver/Src/stm32f7xx_hal_uart.o

.debug_aranges  0x00000000     0x1130
 .debug_aranges
                0x00000000       0x38 ./Core/Src/AS5600.o
 .debug_aranges
                0x00000038       0x28 ./Core/Src/Butterworth_II_tustin.o
 .debug_aranges
                0x00000060       0x20 ./Core/Src/gpio.o
 .debug_aranges
                0x00000080       0x30 ./Core/Src/i2c.o
 .debug_aranges
                0x000000b0       0x50 ./Core/Src/main.o
 .debug_aranges
                0x00000100       0x20 ./Core/Src/stm32f7xx_hal_msp.o
 .debug_aranges
                0x00000120       0x70 ./Core/Src/stm32f7xx_it.o
 .debug_aranges
                0x00000190       0x28 ./Core/Src/system_stm32f7xx.o
 .debug_aranges
                0x000001b8       0x40 ./Core/Src/tim.o
 .debug_aranges
                0x000001f8       0x30 ./Core/Src/usart.o
 .debug_aranges
                0x00000228       0x28 ./Core/Startup/startup_stm32f746zgtx.o
 .debug_aranges
                0x00000250      0x100 ./Drivers/STM32F7xx_HAL_Driver/Src/stm32f7xx_hal.o
 .debug_aranges
                0x00000350      0x128 ./Drivers/STM32F7xx_HAL_Driver/Src/stm32f7xx_hal_cortex.o
 .debug_aranges
                0x00000478       0x90 ./Drivers/STM32F7xx_HAL_Driver/Src/stm32f7xx_hal_dma.o
 .debug_aranges
                0x00000508       0x58 ./Drivers/STM32F7xx_HAL_Driver/Src/stm32f7xx_hal_gpio.o
 .debug_aranges
                0x00000560      0x2a0 ./Drivers/STM32F7xx_HAL_Driver/Src/stm32f7xx_hal_i2c.o
 .debug_aranges
                0x00000800       0x38 ./Drivers/STM32F7xx_HAL_Driver/Src/stm32f7xx_hal_i2c_ex.o
 .debug_aranges
                0x00000838       0xa0 ./Drivers/STM32F7xx_HAL_Driver/Src/stm32f7xx_hal_pwr.o
 .debug_aranges
                0x000008d8       0x88 ./Drivers/STM32F7xx_HAL_Driver/Src/stm32f7xx_hal_rcc.o
 .debug_aranges
                0x00000960       0x50 ./Drivers/STM32F7xx_HAL_Driver/Src/stm32f7xx_hal_rcc_ex.o
 .debug_aranges
                0x000009b0      0x3e0 ./Drivers/STM32F7xx_HAL_Driver/Src/stm32f7xx_hal_tim.o
 .debug_aranges
                0x00000d90      0x178 ./Drivers/STM32F7xx_HAL_Driver/Src/stm32f7xx_hal_tim_ex.o
 .debug_aranges
                0x00000f08      0x228 ./Drivers/STM32F7xx_HAL_Driver/Src/stm32f7xx_hal_uart.o

.debug_rnglists
                0x00000000      0xd71
 .debug_rnglists
                0x00000000       0x27 ./Core/Src/AS5600.o
 .debug_rnglists
                0x00000027       0x1b ./Core/Src/Butterworth_II_tustin.o
 .debug_rnglists
                0x00000042       0x14 ./Core/Src/gpio.o
 .debug_rnglists
                0x00000056       0x21 ./Core/Src/i2c.o
 .debug_rnglists
                0x00000077       0x3b ./Core/Src/main.o
 .debug_rnglists
                0x000000b2       0x13 ./Core/Src/stm32f7xx_hal_msp.o
 .debug_rnglists
                0x000000c5       0x4f ./Core/Src/stm32f7xx_it.o
 .debug_rnglists
                0x00000114       0x1a ./Core/Src/system_stm32f7xx.o
 .debug_rnglists
                0x0000012e       0x2d ./Core/Src/tim.o
 .debug_rnglists
                0x0000015b       0x20 ./Core/Src/usart.o
 .debug_rnglists
                0x0000017b       0x19 ./Core/Startup/startup_stm32f746zgtx.o
 .debug_rnglists
                0x00000194       0xbb ./Drivers/STM32F7xx_HAL_Driver/Src/stm32f7xx_hal.o
 .debug_rnglists
                0x0000024f       0xda ./Drivers/STM32F7xx_HAL_Driver/Src/stm32f7xx_hal_cortex.o
 .debug_rnglists
                0x00000329       0x70 ./Drivers/STM32F7xx_HAL_Driver/Src/stm32f7xx_hal_dma.o
 .debug_rnglists
                0x00000399       0x3f ./Drivers/STM32F7xx_HAL_Driver/Src/stm32f7xx_hal_gpio.o
 .debug_rnglists
                0x000003d8      0x228 ./Drivers/STM32F7xx_HAL_Driver/Src/stm32f7xx_hal_i2c.o
 .debug_rnglists
                0x00000600       0x27 ./Drivers/STM32F7xx_HAL_Driver/Src/stm32f7xx_hal_i2c_ex.o
 .debug_rnglists
                0x00000627       0x74 ./Drivers/STM32F7xx_HAL_Driver/Src/stm32f7xx_hal_pwr.o
 .debug_rnglists
                0x0000069b       0x67 ./Drivers/STM32F7xx_HAL_Driver/Src/stm32f7xx_hal_rcc.o
 .debug_rnglists
                0x00000702       0x3c ./Drivers/STM32F7xx_HAL_Driver/Src/stm32f7xx_hal_rcc_ex.o
 .debug_rnglists
                0x0000073e      0x328 ./Drivers/STM32F7xx_HAL_Driver/Src/stm32f7xx_hal_tim.o
 .debug_rnglists
                0x00000a66      0x131 ./Drivers/STM32F7xx_HAL_Driver/Src/stm32f7xx_hal_tim_ex.o
 .debug_rnglists
                0x00000b97      0x1da ./Drivers/STM32F7xx_HAL_Driver/Src/stm32f7xx_hal_uart.o

.debug_macro    0x00000000    0x26f17
 .debug_macro   0x00000000      0x213 ./Core/Src/AS5600.o
 .debug_macro   0x00000213      0xab4 ./Core/Src/AS5600.o
 .debug_macro   0x00000cc7      0x293 ./Core/Src/AS5600.o
 .debug_macro   0x00000f5a       0x2e ./Core/Src/AS5600.o
 .debug_macro   0x00000f88       0x3b ./Core/Src/AS5600.o
 .debug_macro   0x00000fc3       0x22 ./Core/Src/AS5600.o
 .debug_macro   0x00000fe5       0x8e ./Core/Src/AS5600.o
 .debug_macro   0x00001073       0x51 ./Core/Src/AS5600.o
 .debug_macro   0x000010c4      0x103 ./Core/Src/AS5600.o
 .debug_macro   0x000011c7       0x6a ./Core/Src/AS5600.o
 .debug_macro   0x00001231      0x1df ./Core/Src/AS5600.o
 .debug_macro   0x00001410       0x1c ./Core/Src/AS5600.o
 .debug_macro   0x0000142c       0x22 ./Core/Src/AS5600.o
 .debug_macro   0x0000144e       0xd9 ./Core/Src/AS5600.o
 .debug_macro   0x00001527     0x12cd ./Core/Src/AS5600.o
 .debug_macro   0x000027f4      0x11f ./Core/Src/AS5600.o
 .debug_macro   0x00002913       0x19 ./Core/Src/AS5600.o
 .debug_macro   0x0000292c    0x19222 ./Core/Src/AS5600.o
 .debug_macro   0x0001bb4e       0x6d ./Core/Src/AS5600.o
 .debug_macro   0x0001bbbb     0x3765 ./Core/Src/AS5600.o
 .debug_macro   0x0001f320      0x189 ./Core/Src/AS5600.o
 .debug_macro   0x0001f4a9       0x63 ./Core/Src/AS5600.o
 .debug_macro   0x0001f50c     0x18ad ./Core/Src/AS5600.o
 .debug_macro   0x00020db9      0x6c4 ./Core/Src/AS5600.o
 .debug_macro   0x0002147d      0x185 ./Core/Src/AS5600.o
 .debug_macro   0x00021602      0x115 ./Core/Src/AS5600.o
 .debug_macro   0x00021717      0x1fd ./Core/Src/AS5600.o
 .debug_macro   0x00021914       0xa5 ./Core/Src/AS5600.o
 .debug_macro   0x000219b9      0x24f ./Core/Src/AS5600.o
 .debug_macro   0x00021c08       0x41 ./Core/Src/AS5600.o
 .debug_macro   0x00021c49       0x58 ./Core/Src/AS5600.o
 .debug_macro   0x00021ca1      0x236 ./Core/Src/AS5600.o
 .debug_macro   0x00021ed7      0x14e ./Core/Src/AS5600.o
 .debug_macro   0x00022025      0x25a ./Core/Src/AS5600.o
 .debug_macro   0x0002227f       0x12 ./Core/Src/AS5600.o
 .debug_macro   0x00022291      0x22c ./Core/Src/AS5600.o
 .debug_macro   0x000224bd       0x61 ./Core/Src/AS5600.o
 .debug_macro   0x0002251e       0xa5 ./Core/Src/AS5600.o
 .debug_macro   0x000225c3      0x12e ./Core/Src/AS5600.o
 .debug_macro   0x000226f1      0x108 ./Core/Src/AS5600.o
 .debug_macro   0x000227f9       0x35 ./Core/Src/AS5600.o
 .debug_macro   0x0002282e      0xa83 ./Core/Src/AS5600.o
 .debug_macro   0x000232b1       0x59 ./Core/Src/AS5600.o
 .debug_macro   0x0002330a      0x56d ./Core/Src/AS5600.o
 .debug_macro   0x00023877       0x44 ./Core/Src/AS5600.o
 .debug_macro   0x000238bb      0x14d ./Core/Src/AS5600.o
 .debug_macro   0x00023a08      0x13c ./Core/Src/AS5600.o
 .debug_macro   0x00023b44      0x2a6 ./Core/Src/Butterworth_II_tustin.o
 .debug_macro   0x00023dea       0x61 ./Core/Src/Butterworth_II_tustin.o
 .debug_macro   0x00023e4b       0x2a ./Core/Src/Butterworth_II_tustin.o
 .debug_macro   0x00023e75       0x43 ./Core/Src/Butterworth_II_tustin.o
 .debug_macro   0x00023eb8       0x34 ./Core/Src/Butterworth_II_tustin.o
 .debug_macro   0x00023eec       0x16 ./Core/Src/Butterworth_II_tustin.o
 .debug_macro   0x00023f02       0x43 ./Core/Src/Butterworth_II_tustin.o
 .debug_macro   0x00023f45       0x34 ./Core/Src/Butterworth_II_tustin.o
 .debug_macro   0x00023f79       0x10 ./Core/Src/Butterworth_II_tustin.o
 .debug_macro   0x00023f89       0x58 ./Core/Src/Butterworth_II_tustin.o
 .debug_macro   0x00023fe1       0x8e ./Core/Src/Butterworth_II_tustin.o
 .debug_macro   0x0002406f       0x1c ./Core/Src/Butterworth_II_tustin.o
 .debug_macro   0x0002408b      0x177 ./Core/Src/Butterworth_II_tustin.o
 .debug_macro   0x00024202      0x369 ./Core/Src/Butterworth_II_tustin.o
 .debug_macro   0x0002456b      0x19b ./Core/Src/Butterworth_II_tustin.o
 .debug_macro   0x00024706      0x1fb ./Core/Src/gpio.o
 .debug_macro   0x00024901      0x1fb ./Core/Src/i2c.o
 .debug_macro   0x00024afc      0x263 ./Core/Src/main.o
 .debug_macro   0x00024d5f      0x1f1 ./Core/Src/stm32f7xx_hal_msp.o
 .debug_macro   0x00024f50      0x1fb ./Core/Src/stm32f7xx_it.o
 .debug_macro   0x0002514b      0x1e2 ./Core/Src/system_stm32f7xx.o
 .debug_macro   0x0002532d      0x1fb ./Core/Src/tim.o
 .debug_macro   0x00025528      0x1fb ./Core/Src/usart.o
 .debug_macro   0x00025723      0x206 ./Drivers/STM32F7xx_HAL_Driver/Src/stm32f7xx_hal.o
 .debug_macro   0x00025929      0x1e2 ./Drivers/STM32F7xx_HAL_Driver/Src/stm32f7xx_hal_cortex.o
 .debug_macro   0x00025b0b      0x1e8 ./Drivers/STM32F7xx_HAL_Driver/Src/stm32f7xx_hal_dma.o
 .debug_macro   0x00025cf3      0x1e8 ./Drivers/STM32F7xx_HAL_Driver/Src/stm32f7xx_hal_gpio.o
 .debug_macro   0x00025edb      0x2ae ./Drivers/STM32F7xx_HAL_Driver/Src/stm32f7xx_hal_i2c.o
 .debug_macro   0x00026189      0x1e2 ./Drivers/STM32F7xx_HAL_Driver/Src/stm32f7xx_hal_i2c_ex.o
 .debug_macro   0x0002636b      0x200 ./Drivers/STM32F7xx_HAL_Driver/Src/stm32f7xx_hal_pwr.o
 .debug_macro   0x0002656b      0x206 ./Drivers/STM32F7xx_HAL_Driver/Src/stm32f7xx_hal_rcc.o
 .debug_macro   0x00026771      0x1e2 ./Drivers/STM32F7xx_HAL_Driver/Src/stm32f7xx_hal_rcc_ex.o
 .debug_macro   0x00026953      0x1e3 ./Drivers/STM32F7xx_HAL_Driver/Src/stm32f7xx_hal_tim.o
 .debug_macro   0x00026b36      0x1e2 ./Drivers/STM32F7xx_HAL_Driver/Src/stm32f7xx_hal_tim_ex.o
 .debug_macro   0x00026d18      0x1ff ./Drivers/STM32F7xx_HAL_Driver/Src/stm32f7xx_hal_uart.o

.debug_line     0x00000000    0x17d65
 .debug_line    0x00000000      0x849 ./Core/Src/AS5600.o
 .debug_line    0x00000849      0xaab ./Core/Src/Butterworth_II_tustin.o
 .debug_line    0x000012f4      0x7ec ./Core/Src/gpio.o
 .debug_line    0x00001ae0      0x7ee ./Core/Src/i2c.o
 .debug_line    0x000022ce      0xb01 ./Core/Src/main.o
 .debug_line    0x00002dcf      0x75e ./Core/Src/stm32f7xx_hal_msp.o
 .debug_line    0x0000352d      0x850 ./Core/Src/stm32f7xx_it.o
 .debug_line    0x00003d7d      0x7e0 ./Core/Src/system_stm32f7xx.o
 .debug_line    0x0000455d      0x88d ./Core/Src/tim.o
 .debug_line    0x00004dea      0x7e2 ./Core/Src/usart.o
 .debug_line    0x000055cc       0x7a ./Core/Startup/startup_stm32f746zgtx.o
 .debug_line    0x00005646      0xa80 ./Drivers/STM32F7xx_HAL_Driver/Src/stm32f7xx_hal.o
 .debug_line    0x000060c6      0xd22 ./Drivers/STM32F7xx_HAL_Driver/Src/stm32f7xx_hal_cortex.o
 .debug_line    0x00006de8      0xfcf ./Drivers/STM32F7xx_HAL_Driver/Src/stm32f7xx_hal_dma.o
 .debug_line    0x00007db7      0xc06 ./Drivers/STM32F7xx_HAL_Driver/Src/stm32f7xx_hal_gpio.o
 .debug_line    0x000089bd     0x3ab4 ./Drivers/STM32F7xx_HAL_Driver/Src/stm32f7xx_hal_i2c.o
 .debug_line    0x0000c471      0x899 ./Drivers/STM32F7xx_HAL_Driver/Src/stm32f7xx_hal_i2c_ex.o
 .debug_line    0x0000cd0a      0x984 ./Drivers/STM32F7xx_HAL_Driver/Src/stm32f7xx_hal_pwr.o
 .debug_line    0x0000d68e      0xeb1 ./Drivers/STM32F7xx_HAL_Driver/Src/stm32f7xx_hal_rcc.o
 .debug_line    0x0000e53f      0xe65 ./Drivers/STM32F7xx_HAL_Driver/Src/stm32f7xx_hal_rcc_ex.o
 .debug_line    0x0000f3a4     0x3d3a ./Drivers/STM32F7xx_HAL_Driver/Src/stm32f7xx_hal_tim.o
 .debug_line    0x000130de     0x1b63 ./Drivers/STM32F7xx_HAL_Driver/Src/stm32f7xx_hal_tim_ex.o
 .debug_line    0x00014c41     0x3124 ./Drivers/STM32F7xx_HAL_Driver/Src/stm32f7xx_hal_uart.o

.debug_str      0x00000000    0xf19b6
 .debug_str     0x00000000    0xe8b63 ./Core/Src/AS5600.o
                              0xe92f3 (size before relaxing)
 .debug_str     0x000e8b63     0x3990 ./Core/Src/Butterworth_II_tustin.o
                              0xec5b6 (size before relaxing)
 .debug_str     0x000ec4f3      0x1f3 ./Core/Src/gpio.o
                              0xe8e3d (size before relaxing)
 .debug_str     0x000ec6e6      0x2db ./Core/Src/i2c.o
                              0xe962f (size before relaxing)
 .debug_str     0x000ec9c1      0xa84 ./Core/Src/main.o
                              0xe9fcc (size before relaxing)
 .debug_str     0x000ed445       0x2c ./Core/Src/stm32f7xx_hal_msp.o
                              0xe8d60 (size before relaxing)
 .debug_str     0x000ed471      0x112 ./Core/Src/stm32f7xx_it.o
                              0xe94e5 (size before relaxing)
 .debug_str     0x000ed583      0x1a4 ./Core/Src/system_stm32f7xx.o
                              0xe89f1 (size before relaxing)
 .debug_str     0x000ed727      0x7d3 ./Core/Src/tim.o
                              0xe9b9e (size before relaxing)
 .debug_str     0x000edefa       0x51 ./Core/Src/usart.o
                              0xe9b8f (size before relaxing)
 .debug_str     0x000edf4b       0x44 ./Core/Startup/startup_stm32f746zgtx.o
                                 0x6a (size before relaxing)
 .debug_str     0x000edf8f      0x40a ./Drivers/STM32F7xx_HAL_Driver/Src/stm32f7xx_hal.o
                              0xe935a (size before relaxing)
 .debug_str     0x000ee399      0x34a ./Drivers/STM32F7xx_HAL_Driver/Src/stm32f7xx_hal_cortex.o
                              0xe9377 (size before relaxing)
 .debug_str     0x000ee6e3      0x32e ./Drivers/STM32F7xx_HAL_Driver/Src/stm32f7xx_hal_dma.o
                              0xe8d30 (size before relaxing)
 .debug_str     0x000eea11      0x105 ./Drivers/STM32F7xx_HAL_Driver/Src/stm32f7xx_hal_gpio.o
                              0xe8aaf (size before relaxing)
 .debug_str     0x000eeb16      0xdb6 ./Drivers/STM32F7xx_HAL_Driver/Src/stm32f7xx_hal_i2c.o
                              0xe9c04 (size before relaxing)
 .debug_str     0x000ef8cc       0x89 ./Drivers/STM32F7xx_HAL_Driver/Src/stm32f7xx_hal_i2c_ex.o
                              0xe8e83 (size before relaxing)
 .debug_str     0x000ef955      0x2ac ./Drivers/STM32F7xx_HAL_Driver/Src/stm32f7xx_hal_pwr.o
                              0xe8c92 (size before relaxing)
 .debug_str     0x000efc01      0x247 ./Drivers/STM32F7xx_HAL_Driver/Src/stm32f7xx_hal_rcc.o
                              0xe8d53 (size before relaxing)
 .debug_str     0x000efe48      0x14f ./Drivers/STM32F7xx_HAL_Driver/Src/stm32f7xx_hal_rcc_ex.o
                              0xe8c8b (size before relaxing)
 .debug_str     0x000eff97      0xd3a ./Drivers/STM32F7xx_HAL_Driver/Src/stm32f7xx_hal_tim.o
                              0xe9d14 (size before relaxing)
 .debug_str     0x000f0cd1      0x4dc ./Drivers/STM32F7xx_HAL_Driver/Src/stm32f7xx_hal_tim_ex.o
                              0xe955a (size before relaxing)
 .debug_str     0x000f11ad      0x809 ./Drivers/STM32F7xx_HAL_Driver/Src/stm32f7xx_hal_uart.o
                              0xe96a0 (size before relaxing)

.comment        0x00000000       0x43
 .comment       0x00000000       0x43 ./Core/Src/AS5600.o
                                 0x44 (size before relaxing)
 .comment       0x00000043       0x44 ./Core/Src/Butterworth_II_tustin.o
 .comment       0x00000043       0x44 ./Core/Src/gpio.o
 .comment       0x00000043       0x44 ./Core/Src/i2c.o
 .comment       0x00000043       0x44 ./Core/Src/main.o
 .comment       0x00000043       0x44 ./Core/Src/stm32f7xx_hal_msp.o
 .comment       0x00000043       0x44 ./Core/Src/stm32f7xx_it.o
 .comment       0x00000043       0x44 ./Core/Src/system_stm32f7xx.o
 .comment       0x00000043       0x44 ./Core/Src/tim.o
 .comment       0x00000043       0x44 ./Core/Src/usart.o
 .comment       0x00000043       0x44 ./Drivers/STM32F7xx_HAL_Driver/Src/stm32f7xx_hal.o
 .comment       0x00000043       0x44 ./Drivers/STM32F7xx_HAL_Driver/Src/stm32f7xx_hal_cortex.o
 .comment       0x00000043       0x44 ./Drivers/STM32F7xx_HAL_Driver/Src/stm32f7xx_hal_dma.o
 .comment       0x00000043       0x44 ./Drivers/STM32F7xx_HAL_Driver/Src/stm32f7xx_hal_gpio.o
 .comment       0x00000043       0x44 ./Drivers/STM32F7xx_HAL_Driver/Src/stm32f7xx_hal_i2c.o
 .comment       0x00000043       0x44 ./Drivers/STM32F7xx_HAL_Driver/Src/stm32f7xx_hal_i2c_ex.o
 .comment       0x00000043       0x44 ./Drivers/STM32F7xx_HAL_Driver/Src/stm32f7xx_hal_pwr.o
 .comment       0x00000043       0x44 ./Drivers/STM32F7xx_HAL_Driver/Src/stm32f7xx_hal_rcc.o
 .comment       0x00000043       0x44 ./Drivers/STM32F7xx_HAL_Driver/Src/stm32f7xx_hal_rcc_ex.o
 .comment       0x00000043       0x44 ./Drivers/STM32F7xx_HAL_Driver/Src/stm32f7xx_hal_tim.o
 .comment       0x00000043       0x44 ./Drivers/STM32F7xx_HAL_Driver/Src/stm32f7xx_hal_tim_ex.o
 .comment       0x00000043       0x44 ./Drivers/STM32F7xx_HAL_Driver/Src/stm32f7xx_hal_uart.o

.debug_frame    0x00000000     0x48ac
 .debug_frame   0x00000000       0xa8 ./Core/Src/AS5600.o
 .debug_frame   0x000000a8       0x68 ./Core/Src/Butterworth_II_tustin.o
 .debug_frame   0x00000110       0x38 ./Core/Src/gpio.o
 .debug_frame   0x00000148       0x78 ./Core/Src/i2c.o
 .debug_frame   0x000001c0      0x108 ./Core/Src/main.o
 .debug_frame   0x000002c8       0x38 ./Core/Src/stm32f7xx_hal_msp.o
 .debug_frame   0x00000300      0x13c ./Core/Src/stm32f7xx_it.o
 .debug_frame   0x0000043c       0x58 ./Core/Src/system_stm32f7xx.o
 .debug_frame   0x00000494       0xc4 ./Core/Src/tim.o
 .debug_frame   0x00000558       0x78 ./Core/Src/usart.o
 .debug_frame   0x000005d0      0x3b4 ./Drivers/STM32F7xx_HAL_Driver/Src/stm32f7xx_hal.o
 .debug_frame   0x00000984      0x4e8 ./Drivers/STM32F7xx_HAL_Driver/Src/stm32f7xx_hal_cortex.o
 .debug_frame   0x00000e6c      0x250 ./Drivers/STM32F7xx_HAL_Driver/Src/stm32f7xx_hal_dma.o
 .debug_frame   0x000010bc      0x14c ./Drivers/STM32F7xx_HAL_Driver/Src/stm32f7xx_hal_gpio.o
 .debug_frame   0x00001208      0xc38 ./Drivers/STM32F7xx_HAL_Driver/Src/stm32f7xx_hal_i2c.o
 .debug_frame   0x00001e40       0xb0 ./Drivers/STM32F7xx_HAL_Driver/Src/stm32f7xx_hal_i2c_ex.o
 .debug_frame   0x00001ef0      0x254 ./Drivers/STM32F7xx_HAL_Driver/Src/stm32f7xx_hal_pwr.o
 .debug_frame   0x00002144      0x1f8 ./Drivers/STM32F7xx_HAL_Driver/Src/stm32f7xx_hal_rcc.o
 .debug_frame   0x0000233c      0x118 ./Drivers/STM32F7xx_HAL_Driver/Src/stm32f7xx_hal_rcc_ex.o
 .debug_frame   0x00002454     0x121c ./Drivers/STM32F7xx_HAL_Driver/Src/stm32f7xx_hal_tim.o
 .debug_frame   0x00003670      0x688 ./Drivers/STM32F7xx_HAL_Driver/Src/stm32f7xx_hal_tim_ex.o
 .debug_frame   0x00003cf8      0x9e8 ./Drivers/STM32F7xx_HAL_Driver/Src/stm32f7xx_hal_uart.o
 .debug_frame   0x000046e0       0x20 A:/STM IDE/STM32CubeIDE_1.14.0/STM32CubeIDE/plugins/com.st.stm32cube.ide.mcu.externaltools.gnu-tools-for-stm32.12.3.rel1.win32_1.0.200.202406191623/tools/bin/../lib/gcc/arm-none-eabi/12.3.1/../../../../arm-none-eabi/lib/thumb/v7e-m+fp/hard\libc_nano.a(libc_a-memset.o)
 .debug_frame   0x00004700       0x2c A:/STM IDE/STM32CubeIDE_1.14.0/STM32CubeIDE/plugins/com.st.stm32cube.ide.mcu.externaltools.gnu-tools-for-stm32.12.3.rel1.win32_1.0.200.202406191623/tools/bin/../lib/gcc/arm-none-eabi/12.3.1/../../../../arm-none-eabi/lib/thumb/v7e-m+fp/hard\libc_nano.a(libc_a-init.o)
 .debug_frame   0x0000472c       0xac A:/STM IDE/STM32CubeIDE_1.14.0/STM32CubeIDE/plugins/com.st.stm32cube.ide.mcu.externaltools.gnu-tools-for-stm32.12.3.rel1.win32_1.0.200.202406191623/tools/bin/../lib/gcc/arm-none-eabi/12.3.1/thumb/v7e-m+fp/hard\libgcc.a(_arm_addsubdf3.o)
 .debug_frame   0x000047d8       0x50 A:/STM IDE/STM32CubeIDE_1.14.0/STM32CubeIDE/plugins/com.st.stm32cube.ide.mcu.externaltools.gnu-tools-for-stm32.12.3.rel1.win32_1.0.200.202406191623/tools/bin/../lib/gcc/arm-none-eabi/12.3.1/thumb/v7e-m+fp/hard\libgcc.a(_arm_muldivdf3.o)
 .debug_frame   0x00004828       0x24 A:/STM IDE/STM32CubeIDE_1.14.0/STM32CubeIDE/plugins/com.st.stm32cube.ide.mcu.externaltools.gnu-tools-for-stm32.12.3.rel1.win32_1.0.200.202406191623/tools/bin/../lib/gcc/arm-none-eabi/12.3.1/thumb/v7e-m+fp/hard\libgcc.a(_arm_truncdfsf2.o)
 .debug_frame   0x0000484c       0x2c A:/STM IDE/STM32CubeIDE_1.14.0/STM32CubeIDE/plugins/com.st.stm32cube.ide.mcu.externaltools.gnu-tools-for-stm32.12.3.rel1.win32_1.0.200.202406191623/tools/bin/../lib/gcc/arm-none-eabi/12.3.1/thumb/v7e-m+fp/hard\libgcc.a(_aeabi_uldivmod.o)
 .debug_frame   0x00004878       0x34 A:/STM IDE/STM32CubeIDE_1.14.0/STM32CubeIDE/plugins/com.st.stm32cube.ide.mcu.externaltools.gnu-tools-for-stm32.12.3.rel1.win32_1.0.200.202406191623/tools/bin/../lib/gcc/arm-none-eabi/12.3.1/thumb/v7e-m+fp/hard\libgcc.a(_udivmoddi4.o)

.debug_line_str
                0x00000000       0x4e
 .debug_line_str
                0x00000000       0x4e ./Core/Startup/startup_stm32f746zgtx.o
